Product: MDK-ARM Standard 5.10
Component: ARM Compiler 5.04 update 1 (build 49)
Tool: armlink [5040049]

==============================================================================

Section Cross References

    app.o(.text) refers to bsp.o(.text) for BSP_LED_Off
    app.o(.text) refers to os_time.o(.text) for OSTimeDlyHMSM
    app.o(.text) refers to os_task.o(.text) for OSTaskCreate
    app.o(.text) refers to cpu_core.o(.text) for CPU_Init
    app.o(.text) refers to lib_mem.o(.text) for Mem_Init
    app.o(.text) refers to bsp_ser.o(.text) for BSP_Ser_Init
    app.o(.text) refers to bsp_int.o(.text) for BSP_IntDisAll
    app.o(.text) refers to os_core.o(.text) for OSInit
    app.o(.text) refers to app.o(.bss) for AppTaskLed0Stk
    os_app_hooks.o(.text) refers to cpu_a.o(.text) for CPU_SR_Save
    os_app_hooks.o(.text) refers to os_var.o(.data) for OS_AppTaskCreateHookPtr
    bsp.o(.text) refers to stm32f2xx_rcc.o(.text) for RCC_AHB1PeriphClockCmd
    bsp.o(.text) refers to stm32f2xx_gpio.o(.text) for GPIO_Init
    bsp.o(.text) refers to os_cpu_c.o(.text) for OS_CPU_SysTickInit
    bsp.o(.text) refers to os_cfg_app.o(.constdata) for OSCfg_TickRate_Hz
    bsp.o(.text) refers to stm32f2xx_fsmc.o(.text) for FSMC_NORSRAMInit
    bsp.o(.text) refers to cpu_core.o(.text) for CPU_TS_TmrFreqSet
    bsp.o(.text) refers to bsp.o(.constdata) for GPIO_PIN
    bsp.o(.text) refers to bsp.o(.data) for GPIO_PORT
    bsp_int.o(.text) refers to cpu_c.o(.text) for CPU_IntSrcDis
    bsp_int.o(.text) refers to cpu_a.o(.text) for CPU_IntDis
    bsp_int.o(.text) refers to os_core.o(.text) for OSIntEnter
    bsp_int.o(.text) refers to bsp_int.o(.bss) for BSP_IntVectTbl
    bsp_ioe.o(.text) refers to stm32f2xx_rcc.o(.text) for RCC_AHB1PeriphClockCmd
    bsp_ioe.o(.text) refers to stm32f2xx_dma.o(.text) for DMA_DeInit
    bsp_ioe.o(.text) refers to stm32f2xx_i2c.o(.text) for I2C_GenerateSTART
    bsp_ioe.o(.text) refers to bsp_ioe.o(.data) for IOE_TimeOut
    bsp_ioe.o(.text) refers to bsp_os.o(.text) for BSP_OS_TimeDlyMs
    bsp_ioe.o(.text) refers to stm32f2xx_gpio.o(.text) for GPIO_Init
    bsp_ioe.o(.text) refers to stm32f2xx_syscfg.o(.text) for SYSCFG_EXTILineConfig
    bsp_lcd.o(.text) refers to stm32f2xx_rcc.o(.text) for RCC_AHB3PeriphClockCmd
    bsp_lcd.o(.text) refers to stm32f2xx_fsmc.o(.text) for FSMC_NORSRAMInit
    bsp_lcd.o(.text) refers to stm32f2xx_gpio.o(.text) for GPIO_Init
    bsp_lcd.o(.text) refers to bsp_os.o(.text) for BSP_OS_TimeDlyMs
    bsp_ser.o(.text) refers to stm32f2xx_usart.o(.text) for USART_ReceiveData
    bsp_ser.o(.text) refers to bsp_os.o(.text) for BSP_OS_SemPost
    bsp_ser.o(.text) refers to stm32f2xx_rcc.o(.text) for RCC_AHB1PeriphClockCmd
    bsp_ser.o(.text) refers to stm32f2xx_gpio.o(.text) for GPIO_Init
    bsp_ser.o(.text) refers to bsp_int.o(.text) for BSP_IntVectSet
    bsp_ser.o(.text) refers to c89vsnprintf.o(.text) for __c89vsnprintf
    bsp_ser.o(.text) refers to lib_ascii.o(.text) for ASCII_IsPrint
    bsp_ser.o(.text) refers to bsp_ser.o(.data) for BSP_SerRxData
    bsp_ser.o(.text) refers to bsp_ser.o(.bss) for BSP_SerRxWait
    bsp_os.o(.text) refers to os_sem.o(.text) for OSSemCreate
    bsp_os.o(.text) refers to os_time.o(.text) for OSTimeDlyHMSM
    bsp_os.o(.text) refers to os_cfg_app.o(.constdata) for OSCfg_TickRate_Hz
    cstartup.o(STACK) refers (Special) to heapauxi.o(.text) for __use_two_region_memory
    cstartup.o(HEAP) refers (Special) to heapauxi.o(.text) for __use_two_region_memory
    cstartup.o(RESET) refers (Special) to heapauxi.o(.text) for __use_two_region_memory
    cstartup.o(RESET) refers to cstartup.o(STACK) for __initial_sp
    cstartup.o(RESET) refers to cstartup.o(.text) for Reset_Handler
    cstartup.o(RESET) refers to os_cpu_a.o(CODE) for OS_CPU_PendSVHandler
    cstartup.o(RESET) refers to os_cpu_c.o(.text) for OS_CPU_SysTickHandler
    cstartup.o(RESET) refers to bsp_int.o(.text) for BSP_IntHandlerWWDG
    cstartup.o(.text) refers (Special) to heapauxi.o(.text) for __use_two_region_memory
    cstartup.o(.text) refers to __main.o(!!!main) for __main
    cstartup.o(.text) refers to cstartup.o(HEAP) for Heap_Mem
    cstartup.o(.text) refers to cstartup.o(STACK) for Stack_Mem
    stm32f2xx_adc.o(.text) refers to stm32f2xx_rcc.o(.text) for RCC_APB2PeriphResetCmd
    stm32f2xx_can.o(.text) refers to stm32f2xx_rcc.o(.text) for RCC_APB1PeriphResetCmd
    stm32f2xx_cryp.o(.text) refers to stm32f2xx_rcc.o(.text) for RCC_AHB2PeriphResetCmd
    stm32f2xx_cryp_aes.o(.text) refers to stm32f2xx_cryp.o(.text) for CRYP_KeyStructInit
    stm32f2xx_cryp_des.o(.text) refers to stm32f2xx_cryp.o(.text) for CRYP_KeyStructInit
    stm32f2xx_cryp_tdes.o(.text) refers to stm32f2xx_cryp.o(.text) for CRYP_KeyStructInit
    stm32f2xx_dac.o(.text) refers to stm32f2xx_rcc.o(.text) for RCC_APB1PeriphResetCmd
    stm32f2xx_gpio.o(.text) refers to stm32f2xx_rcc.o(.text) for RCC_AHB1PeriphResetCmd
[...]
    BSP_IntHandlerTIM4                       0x08000e8f   Thumb Code    10  bsp_int.o(.text)
    BSP_IntHandlerI2C1_EV                    0x08000e99   Thumb Code    10  bsp_int.o(.text)
    BSP_IntHandlerI2C1_ER                    0x08000ea3   Thumb Code    10  bsp_int.o(.text)
    BSP_IntHandlerI2C2_EV                    0x08000ead   Thumb Code    10  bsp_int.o(.text)
    BSP_IntHandlerI2C2_ER                    0x08000eb7   Thumb Code    10  bsp_int.o(.text)
    BSP_IntHandlerSPI1                       0x08000ec1   Thumb Code    10  bsp_int.o(.text)
    BSP_IntHandlerSPI2                       0x08000ecb   Thumb Code    10  bsp_int.o(.text)
    BSP_IntHandlerUSART1                     0x08000ed5   Thumb Code    10  bsp_int.o(.text)
    BSP_IntHandlerUSART2                     0x08000edf   Thumb Code    10  bsp_int.o(.text)
    BSP_IntHandlerUSART3                     0x08000ee9   Thumb Code    10  bsp_int.o(.text)
    BSP_IntHandlerEXTI15_10                  0x08000ef3   Thumb Code    10  bsp_int.o(.text)
    BSP_IntHandlerRTCAlarm                   0x08000efd   Thumb Code    10  bsp_int.o(.text)
    BSP_IntHandlerUSBWakeUp                  0x08000f07   Thumb Code    10  bsp_int.o(.text)
    BSP_IntHandlerTIM8_BRK_TIM12             0x08000f11   Thumb Code    10  bsp_int.o(.text)
    BSP_IntHandlerTIM8_UP_TIM13              0x08000f1b   Thumb Code    10  bsp_int.o(.text)
    BSP_IntHandlerTIM8_TRG_COM_TIM14         0x08000f25   Thumb Code    10  bsp_int.o(.text)
    BSP_IntHandlerTIM8_CC                    0x08000f2f   Thumb Code    10  bsp_int.o(.text)
    BSP_IntHandlerDMA1_STREAM7               0x08000f39   Thumb Code    10  bsp_int.o(.text)
    BSP_IntHandlerFSMC                       0x08000f43   Thumb Code    10  bsp_int.o(.text)
    BSP_IntHandlerSDIO                       0x08000f4d   Thumb Code    10  bsp_int.o(.text)
    BSP_IntHandlerTIM5                       0x08000f57   Thumb Code    10  bsp_int.o(.text)
    BSP_IntHandlerSPI3                       0x08000f61   Thumb Code    10  bsp_int.o(.text)
    BSP_IntHandlerUSART4                     0x08000f6b   Thumb Code    10  bsp_int.o(.text)
    BSP_IntHandlerUSART5                     0x08000f75   Thumb Code    10  bsp_int.o(.text)
    BSP_IntHandlerTIM6                       0x08000f7f   Thumb Code    10  bsp_int.o(.text)
    BSP_IntHandlerTIM7                       0x08000f89   Thumb Code    10  bsp_int.o(.text)
    BSP_IntHandlerDMA2_CH1                   0x08000f93   Thumb Code    10  bsp_int.o(.text)
    BSP_IntHandlerDMA2_CH2                   0x08000f9d   Thumb Code    10  bsp_int.o(.text)
    BSP_IntHandlerDMA2_CH3                   0x08000fa7   Thumb Code    10  bsp_int.o(.text)
    BSP_IntHandlerDMA2_CH4                   0x08000fb1   Thumb Code    10  bsp_int.o(.text)
    BSP_IntHandlerDMA2_CH5                   0x08000fbb   Thumb Code    10  bsp_int.o(.text)
    BSP_IntHandlerETH                        0x08000fc5   Thumb Code    10  bsp_int.o(.text)
    BSP_IntHandlerETHWakeup                  0x08000fcf   Thumb Code    10  bsp_int.o(.text)
    BSP_IntHandlerCAN2_TX                    0x08000fd9   Thumb Code    10  bsp_int.o(.text)
    BSP_IntHandlerCAN2_RX0                   0x08000fe3   Thumb Code    10  bsp_int.o(.text)
    BSP_IntHandlerCAN2_RX1                   0x08000fed   Thumb Code    10  bsp_int.o(.text)
    BSP_IntHandlerCAN2_SCE                   0x08000ff7   Thumb Code    10  bsp_int.o(.text)
    BSP_IntHandlerOTG                        0x08001001   Thumb Code    10  bsp_int.o(.text)
    BSP_IntHandlerDMA2_CH6                   0x0800100b   Thumb Code    10  bsp_int.o(.text)
    BSP_IntHandlerDMA2_CH7                   0x08001015   Thumb Code    10  bsp_int.o(.text)
    BSP_IntHandlerDMA2_CH8                   0x0800101f   Thumb Code    10  bsp_int.o(.text)
    BSP_IntHandlerUSART6                     0x08001029   Thumb Code    10  bsp_int.o(.text)
    BSP_IntHandlerI2C3_EV                    0x08001033   Thumb Code    10  bsp_int.o(.text)
    BSP_IntHandlerI2C3_ER                    0x0800103d   Thumb Code    10  bsp_int.o(.text)
    BSP_IntHandlerOTG_HS_EP1_OUT             0x08001047   Thumb Code    10  bsp_int.o(.text)
    BSP_IntHandlerOTG_HS_EP1_IN              0x08001051   Thumb Code    10  bsp_int.o(.text)
    BSP_IntHandlerOTG_HS_WKUP                0x0800105b   Thumb Code    10  bsp_int.o(.text)
    BSP_IntHandlerOTG_HS                     0x08001065   Thumb Code    10  bsp_int.o(.text)
    BSP_IntHandlerDCMI                       0x0800106f   Thumb Code    10  bsp_int.o(.text)
    BSP_IntHandlerCRYP                       0x08001079   Thumb Code    10  bsp_int.o(.text)
    BSP_IntHandlerHASH_RNG                   0x08001083   Thumb Code    10  bsp_int.o(.text)
    BSP_Ser_Init                             0x080010e5   Thumb Code   220  bsp_ser.o(.text)
    BSP_Ser_WrStr                            0x080011ef   Thumb Code    68  bsp_ser.o(.text)
    BSP_Ser_Printf                           0x08001233   Thumb Code    38  bsp_ser.o(.text)
    BSP_Ser_RdByte                           0x08001283   Thumb Code    26  bsp_ser.o(.text)
    BSP_Ser_RdStr                            0x0800129d   Thumb Code   142  bsp_ser.o(.text)
    BSP_Ser_WrByte                           0x0800132b   Thumb Code    26  bsp_ser.o(.text)
    BSP_OS_SemCreate                         0x0800138d   Thumb Code    34  bsp_os.o(.text)
    BSP_OS_SemWait                           0x080013af   Thumb Code    50  bsp_os.o(.text)
    BSP_OS_SemPost                           0x080013e1   Thumb Code    28  bsp_os.o(.text)
    BSP_OS_TimeDlyMs                         0x080013fd   Thumb Code    68  bsp_os.o(.text)
    Reset_Handler                            0x08001445   Thumb Code     4  cstartup.o(.text)
    App_NMI_ISR                              0x08001449   Thumb Code     2  cstartup.o(.text)
    App_Fault_ISR                            0x0800144b   Thumb Code     2  cstartup.o(.text)
    App_MemFault_ISR                         0x0800144d   Thumb Code     2  cstartup.o(.text)
    App_BusFault_ISR                         0x0800144f   Thumb Code     2  cstartup.o(.text)
    App_UsageFault_ISR                       0x08001451   Thumb Code     2  cstartup.o(.text)
    App_Spurious_ISR                         0x08001453   Thumb Code     2  cstartup.o(.text)
    App_Reserved_ISR                         0x08001455   Thumb Code     2  cstartup.o(.text)
    __user_initial_stackheap                 0x08001459   Thumb Code     0  cstartup.o(.text)
    FSMC_NORSRAMDeInit                       0x08001479   Thumb Code    54  stm32f2xx_fsmc.o(.text)
    FSMC_NORSRAMInit                         0x080014af   Thumb Code   230  stm32f2xx_fsmc.o(.text)
    FSMC_NORSRAMStructInit                   0x08001595   Thumb Code   114  stm32f2xx_fsmc.o(.text)
    FSMC_NORSRAMCmd                          0x08001607   Thumb Code    46  stm32f2xx_fsmc.o(.text)
    FSMC_NANDDeInit                          0x08001635   Thumb Code    62  stm32f2xx_fsmc.o(.text)
    FSMC_NANDInit                            0x08001673   Thumb Code   132  stm32f2xx_fsmc.o(.text)
    FSMC_NANDStructInit                      0x080016f7   Thumb Code    54  stm32f2xx_fsmc.o(.text)
    FSMC_NANDCmd                             0x0800172d   Thumb Code    86  stm32f2xx_fsmc.o(.text)
    FSMC_NANDECCCmd                          0x08001783   Thumb Code    86  stm32f2xx_fsmc.o(.text)
    FSMC_GetECC                              0x080017d9   Thumb Code    24  stm32f2xx_fsmc.o(.text)
    FSMC_PCCARDDeInit                        0x080017f1   Thumb Code    36  stm32f2xx_fsmc.o(.text)
    FSMC_PCCARDInit                          0x08001815   Thumb Code   130  stm32f2xx_fsmc.o(.text)
    FSMC_PCCARDStructInit                    0x08001897   Thumb Code    60  stm32f2xx_fsmc.o(.text)
    FSMC_PCCARDCmd                           0x080018d3   Thumb Code    44  stm32f2xx_fsmc.o(.text)
    FSMC_ITConfig                            0x080018ff   Thumb Code   128  stm32f2xx_fsmc.o(.text)
    FSMC_GetFlagStatus                       0x0800197f   Thumb Code    54  stm32f2xx_fsmc.o(.text)
    FSMC_ClearFlag                           0x080019b5   Thumb Code    62  stm32f2xx_fsmc.o(.text)
    FSMC_GetITStatus                         0x080019f3   Thumb Code    72  stm32f2xx_fsmc.o(.text)
    FSMC_ClearITPendingBit                   0x08001a3b   Thumb Code    66  stm32f2xx_fsmc.o(.text)
    GPIO_DeInit                              0x08001a81   Thumb Code   220  stm32f2xx_gpio.o(.text)
    GPIO_Init                                0x08001b5d   Thumb Code   144  stm32f2xx_gpio.o(.text)
    GPIO_StructInit                          0x08001bed   Thumb Code    18  stm32f2xx_gpio.o(.text)
    GPIO_PinLockConfig                       0x08001bff   Thumb Code    34  stm32f2xx_gpio.o(.text)
    GPIO_ReadInputDataBit                    0x08001c21   Thumb Code    18  stm32f2xx_gpio.o(.text)
    GPIO_ReadInputData                       0x08001c33   Thumb Code     8  stm32f2xx_gpio.o(.text)
    GPIO_ReadOutputDataBit                   0x08001c3b   Thumb Code    18  stm32f2xx_gpio.o(.text)
    GPIO_ReadOutputData                      0x08001c4d   Thumb Code     8  stm32f2xx_gpio.o(.text)
    GPIO_SetBits                             0x08001c55   Thumb Code     4  stm32f2xx_gpio.o(.text)
    GPIO_ResetBits                           0x08001c59   Thumb Code     4  stm32f2xx_gpio.o(.text)
    GPIO_WriteBit                            0x08001c5d   Thumb Code    10  stm32f2xx_gpio.o(.text)
    GPIO_Write                               0x08001c67   Thumb Code     4  stm32f2xx_gpio.o(.text)
    GPIO_ToggleBits                          0x08001c6b   Thumb Code     8  stm32f2xx_gpio.o(.text)
    GPIO_PinAFConfig                         0x08001c73   Thumb Code    70  stm32f2xx_gpio.o(.text)
    RCC_DeInit                               0x08001cdd   Thumb Code    60  stm32f2xx_rcc.o(.text)
    RCC_HSEConfig                            0x08001d19   Thumb Code    14  stm32f2xx_rcc.o(.text)
    RCC_GetFlagStatus                        0x08001d27   Thumb Code    60  stm32f2xx_rcc.o(.text)
    RCC_WaitForHSEStartUp                    0x08001d63   Thumb Code    56  stm32f2xx_rcc.o(.text)
    RCC_AdjustHSICalibrationValue            0x08001d9b   Thumb Code    20  stm32f2xx_rcc.o(.text)
    RCC_HSICmd                               0x08001daf   Thumb Code     6  stm32f2xx_rcc.o(.text)
    RCC_LSEConfig                            0x08001db5   Thumb Code    46  stm32f2xx_rcc.o(.text)
    RCC_LSICmd                               0x08001de3   Thumb Code     6  stm32f2xx_rcc.o(.text)
    RCC_PLLConfig                            0x08001de9   Thumb Code    32  stm32f2xx_rcc.o(.text)
    RCC_PLLCmd                               0x08001e09   Thumb Code     6  stm32f2xx_rcc.o(.text)
    RCC_PLLI2SConfig                         0x08001e0f   Thumb Code    14  stm32f2xx_rcc.o(.text)
    RCC_PLLI2SCmd                            0x08001e1d   Thumb Code     6  stm32f2xx_rcc.o(.text)
    RCC_ClockSecuritySystemCmd               0x08001e23   Thumb Code     6  stm32f2xx_rcc.o(.text)
    RCC_MCO1Config                           0x08001e29   Thumb Code    28  stm32f2xx_rcc.o(.text)
    RCC_MCO2Config                           0x08001e45   Thumb Code    28  stm32f2xx_rcc.o(.text)
    RCC_SYSCLKConfig                         0x08001e61   Thumb Code    20  stm32f2xx_rcc.o(.text)
    RCC_GetSYSCLKSource                      0x08001e75   Thumb Code    12  stm32f2xx_rcc.o(.text)
    RCC_HCLKConfig                           0x08001e81   Thumb Code    20  stm32f2xx_rcc.o(.text)
    RCC_PCLK1Config                          0x08001e95   Thumb Code    20  stm32f2xx_rcc.o(.text)
    RCC_PCLK2Config                          0x08001ea9   Thumb Code    22  stm32f2xx_rcc.o(.text)
    RCC_GetClocksFreq                        0x08001ebf   Thumb Code   222  stm32f2xx_rcc.o(.text)
    RCC_RTCCLKConfig                         0x08001f9d   Thumb Code    54  stm32f2xx_rcc.o(.text)
    RCC_RTCCLKCmd                            0x08001fd3   Thumb Code     8  stm32f2xx_rcc.o(.text)
    RCC_BackupResetCmd                       0x08001fdb   Thumb Code     8  stm32f2xx_rcc.o(.text)
    RCC_I2SCLKConfig                         0x08001fe3   Thumb Code     6  stm32f2xx_rcc.o(.text)
    RCC_AHB1PeriphClockCmd                   0x08001fe9   Thumb Code    34  stm32f2xx_rcc.o(.text)
    RCC_AHB2PeriphClockCmd                   0x0800200b   Thumb Code    34  stm32f2xx_rcc.o(.text)
    RCC_AHB3PeriphClockCmd                   0x0800202d   Thumb Code    34  stm32f2xx_rcc.o(.text)
    RCC_APB1PeriphClockCmd                   0x0800204f   Thumb Code    34  stm32f2xx_rcc.o(.text)
    RCC_APB2PeriphClockCmd                   0x08002071   Thumb Code    34  stm32f2xx_rcc.o(.text)
    RCC_AHB1PeriphResetCmd                   0x08002093   Thumb Code    34  stm32f2xx_rcc.o(.text)
    RCC_AHB2PeriphResetCmd                   0x080020b5   Thumb Code    72  stm32f2xx_rcc.o(.text)
    RCC_AHB3PeriphResetCmd                   0x080020fd   Thumb Code    34  stm32f2xx_rcc.o(.text)
    RCC_APB1PeriphResetCmd                   0x0800211f   Thumb Code    34  stm32f2xx_rcc.o(.text)
    RCC_APB2PeriphResetCmd                   0x08002141   Thumb Code    34  stm32f2xx_rcc.o(.text)
    RCC_AHB1PeriphClockLPModeCmd             0x08002163   Thumb Code    34  stm32f2xx_rcc.o(.text)
    RCC_AHB2PeriphClockLPModeCmd             0x08002185   Thumb Code    34  stm32f2xx_rcc.o(.text)
    RCC_AHB3PeriphClockLPModeCmd             0x080021a7   Thumb Code    34  stm32f2xx_rcc.o(.text)
    RCC_APB1PeriphClockLPModeCmd             0x080021c9   Thumb Code    34  stm32f2xx_rcc.o(.text)
    RCC_APB2PeriphClockLPModeCmd             0x080021eb   Thumb Code    34  stm32f2xx_rcc.o(.text)
    RCC_ITConfig                             0x0800220d   Thumb Code    34  stm32f2xx_rcc.o(.text)
    RCC_ClearFlag                            0x0800222f   Thumb Code    18  stm32f2xx_rcc.o(.text)
    RCC_GetITStatus                          0x08002241   Thumb Code    22  stm32f2xx_rcc.o(.text)
    RCC_ClearITPendingBit                    0x08002257   Thumb Code     8  stm32f2xx_rcc.o(.text)
    USART_DeInit                             0x08002265   Thumb Code   156  stm32f2xx_usart.o(.text)
    USART_Init                               0x08002301   Thumb Code   204  stm32f2xx_usart.o(.text)
    USART_StructInit                         0x080023cd   Thumb Code    24  stm32f2xx_usart.o(.text)
    USART_ClockInit                          0x080023e5   Thumb Code    32  stm32f2xx_usart.o(.text)
    USART_ClockStructInit                    0x08002405   Thumb Code    12  stm32f2xx_usart.o(.text)
    USART_Cmd                                0x08002411   Thumb Code    24  stm32f2xx_usart.o(.text)
    USART_SetPrescaler                       0x08002429   Thumb Code    16  stm32f2xx_usart.o(.text)
    USART_OverSampling8Cmd                   0x08002439   Thumb Code    22  stm32f2xx_usart.o(.text)
    USART_OneBitMethodCmd                    0x0800244f   Thumb Code    24  stm32f2xx_usart.o(.text)
    USART_SendData                           0x08002467   Thumb Code     8  stm32f2xx_usart.o(.text)
    USART_ReceiveData                        0x0800246f   Thumb Code    10  stm32f2xx_usart.o(.text)
    USART_SetAddress                         0x08002479   Thumb Code    18  stm32f2xx_usart.o(.text)
    USART_ReceiverWakeUpCmd                  0x0800248b   Thumb Code    24  stm32f2xx_usart.o(.text)
    USART_WakeUpConfig                       0x080024a3   Thumb Code    18  stm32f2xx_usart.o(.text)
    USART_LINBreakDetectLengthConfig         0x080024b5   Thumb Code    18  stm32f2xx_usart.o(.text)
    USART_LINCmd                             0x080024c7   Thumb Code    24  stm32f2xx_usart.o(.text)
    USART_SendBreak                          0x080024df   Thumb Code    10  stm32f2xx_usart.o(.text)
    USART_HalfDuplexCmd                      0x080024e9   Thumb Code    24  stm32f2xx_usart.o(.text)
    USART_SetGuardTime                       0x08002501   Thumb Code    16  stm32f2xx_usart.o(.text)
    USART_SmartCardCmd                       0x08002511   Thumb Code    24  stm32f2xx_usart.o(.text)
    USART_SmartCardNACKCmd                   0x08002529   Thumb Code    24  stm32f2xx_usart.o(.text)
    USART_IrDAConfig                         0x08002541   Thumb Code    18  stm32f2xx_usart.o(.text)
    USART_IrDACmd                            0x08002553   Thumb Code    24  stm32f2xx_usart.o(.text)
    USART_DMACmd                             0x0800256b   Thumb Code    18  stm32f2xx_usart.o(.text)
    USART_ITConfig                           0x0800257d   Thumb Code    74  stm32f2xx_usart.o(.text)
    USART_GetFlagStatus                      0x080025c7   Thumb Code    26  stm32f2xx_usart.o(.text)
    USART_ClearFlag                          0x080025e1   Thumb Code    18  stm32f2xx_usart.o(.text)
    USART_GetITStatus                        0x080025f3   Thumb Code   110  stm32f2xx_usart.o(.text)
    USART_ClearITPendingBit                  0x08002661   Thumb Code    30  stm32f2xx_usart.o(.text)
    ASCII_IsAlpha                            0x0800267f   Thumb Code    48  lib_ascii.o(.text)
    ASCII_IsAlphaNum                         0x080026af   Thumb Code    76  lib_ascii.o(.text)
    ASCII_IsLower                            0x080026fb   Thumb Code    20  lib_ascii.o(.text)
    ASCII_IsUpper                            0x0800270f   Thumb Code    20  lib_ascii.o(.text)
    ASCII_IsDig                              0x08002723   Thumb Code    20  lib_ascii.o(.text)
    ASCII_IsDigOct                           0x08002737   Thumb Code    20  lib_ascii.o(.text)
    ASCII_IsDigHex                           0x0800274b   Thumb Code    36  lib_ascii.o(.text)
    ASCII_IsBlank                            0x0800276f   Thumb Code    20  lib_ascii.o(.text)
    ASCII_IsSpace                            0x08002783   Thumb Code    36  lib_ascii.o(.text)
    ASCII_IsPrint                            0x080027a7   Thumb Code    20  lib_ascii.o(.text)
    ASCII_IsGraph                            0x080027bb   Thumb Code    20  lib_ascii.o(.text)
    ASCII_IsPunct                            0x080027cf   Thumb Code   134  lib_ascii.o(.text)
    ASCII_IsCtrl                             0x08002855   Thumb Code    26  lib_ascii.o(.text)
    ASCII_ToLower                            0x0800286f   Thumb Code    32  lib_ascii.o(.text)
    ASCII_ToUpper                            0x0800288f   Thumb Code    32  lib_ascii.o(.text)
    ASCII_Cmp                                0x080028af   Thumb Code    38  lib_ascii.o(.text)
    Mem_Init                                 0x080028d5   Thumb Code    54  lib_mem.o(.text)
    Mem_Set                                  0x0800290b   Thumb Code    98  lib_mem.o(.text)
    Mem_Clr                                  0x0800296d   Thumb Code    18  lib_mem.o(.text)
    Mem_Move                                 0x0800297f   Thumb Code   204  lib_mem.o(.text)
    Mem_Cmp                                  0x08002a4b   Thumb Code   192  lib_mem.o(.text)
    Mem_HeapAlloc                            0x08002bff   Thumb Code   256  lib_mem.o(.text)
    Mem_SegGetSizeRem                        0x08002cff   Thumb Code   214  lib_mem.o(.text)
    Mem_HeapGetSizeRem                       0x08002dd5   Thumb Code    22  lib_mem.o(.text)
    Mem_PoolClr                              0x08002deb   Thumb Code    78  lib_mem.o(.text)
    Mem_PoolCreate                           0x08002e39   Thumb Code  1076  lib_mem.o(.text)
    Mem_PoolBlkGetNbrAvail                   0x0800326d   Thumb Code   128  lib_mem.o(.text)
    Mem_PoolBlkGet                           0x080032ed   Thumb Code   224  lib_mem.o(.text)
    Mem_PoolBlkGetUsedAtIx                   0x080033cd   Thumb Code   212  lib_mem.o(.text)
    Mem_PoolBlkFree                          0x08003507   Thumb Code   338  lib_mem.o(.text)
    Mem_PoolBlkIxGet                         0x08003659   Thumb Code   314  lib_mem.o(.text)
    Str_Len_N                                0x08003799   Thumb Code    28  lib_str.o(.text)
    Str_Len                                  0x080037b5   Thumb Code    20  lib_str.o(.text)
    Str_Copy_N                               0x080037c9   Thumb Code    70  lib_str.o(.text)
    Str_Copy                                 0x0800380f   Thumb Code    24  lib_str.o(.text)
    Str_Cat_N                                0x08003827   Thumb Code    90  lib_str.o(.text)
    Str_Cat                                  0x08003881   Thumb Code    24  lib_str.o(.text)
    Str_Cmp_N                                0x08003899   Thumb Code   156  lib_str.o(.text)
    Str_Cmp                                  0x08003935   Thumb Code    24  lib_str.o(.text)
    Str_CmpIgnoreCase_N                      0x0800394d   Thumb Code   264  lib_str.o(.text)
    Str_CmpIgnoreCase                        0x08003a55   Thumb Code    24  lib_str.o(.text)
    Str_Char_N                               0x08003a6d   Thumb Code    74  lib_str.o(.text)
    Str_Char                                 0x08003ab7   Thumb Code    24  lib_str.o(.text)
    Str_Char_Last_N                          0x08003acf   Thumb Code    76  lib_str.o(.text)
    Str_Char_Last                            0x08003b1b   Thumb Code    24  lib_str.o(.text)
    Str_Char_Replace_N                       0x08003b33   Thumb Code    52  lib_str.o(.text)
    Str_Char_Replace                         0x08003b67   Thumb Code    28  lib_str.o(.text)
    Str_Str_N                                0x08003b83   Thumb Code   182  lib_str.o(.text)
    Str_Str                                  0x08003c39   Thumb Code    24  lib_str.o(.text)
    Str_FmtNbr_Int32U                        0x08003e2b   Thumb Code    46  lib_str.o(.text)
    Str_FmtNbr_Int32S                        0x08003e59   Thumb Code    62  lib_str.o(.text)
    Str_ParseNbr_Int32U                      0x08004055   Thumb Code    30  lib_str.o(.text)
    Str_ParseNbr_Int32S                      0x08004073   Thumb Code    74  lib_str.o(.text)
    Mem_Copy                                 0x080040c1   Thumb Code     0  lib_mem_a.o(.text)
    CPU_NameClr                              0x080042e1   Thumb Code    42  cpu_core.o(.text)
    CPU_Init                                 0x08004321   Thumb Code    12  cpu_core.o(.text)
    CPU_SW_Exception                         0x0800432d   Thumb Code     4  cpu_core.o(.text)
    CPU_NameGet                              0x08004331   Thumb Code    70  cpu_core.o(.text)
    CPU_NameSet                              0x08004377   Thumb Code    96  cpu_core.o(.text)
    CPU_TS_Get32                             0x080043d7   Thumb Code    12  cpu_core.o(.text)
    CPU_TS_Update                            0x080043e3   Thumb Code     2  cpu_core.o(.text)
    CPU_TS_TmrFreqGet                        0x080043e5   Thumb Code    30  cpu_core.o(.text)
    CPU_TS_TmrFreqSet                        0x08004403   Thumb Code     6  cpu_core.o(.text)
    CPU_CntLeadZeros08                       0x08004409   Thumb Code    18  cpu_core.o(.text)
    CPU_CntLeadZeros16                       0x0800441b   Thumb Code    18  cpu_core.o(.text)
    CPU_CntLeadZeros32                       0x0800442d   Thumb Code    18  cpu_core.o(.text)
    CPU_CntLeadZeros64                       0x0800443f   Thumb Code   192  cpu_core.o(.text)
    CPU_CntTrailZeros08                      0x080044ff   Thumb Code    22  cpu_core.o(.text)
    CPU_CntTrailZeros16                      0x08004515   Thumb Code    22  cpu_core.o(.text)
    CPU_CntTrailZeros32                      0x0800452b   Thumb Code    22  cpu_core.o(.text)
    CPU_CntTrailZeros64                      0x08004541   Thumb Code    62  cpu_core.o(.text)
    CPU_IntDis                               0x0800458d   Thumb Code     0  cpu_a.o(.text)
    CPU_IntEn                                0x08004591   Thumb Code     0  cpu_a.o(.text)
    CPU_SR_Save                              0x08004595   Thumb Code     0  cpu_a.o(.text)
    CPU_SR_Restore                           0x0800459d   Thumb Code     0  cpu_a.o(.text)
    CPU_WaitForInt                           0x080045a3   Thumb Code     0  cpu_a.o(.text)
    CPU_WaitForExcept                        0x080045a7   Thumb Code     0  cpu_a.o(.text)
    CPU_CntLeadZeros                         0x080045ab   Thumb Code     0  cpu_a.o(.text)
    CPU_CntTrailZeros                        0x080045b1   Thumb Code     0  cpu_a.o(.text)
    CPU_RevBits                              0x080045bb   Thumb Code     0  cpu_a.o(.text)
    CPU_BitBandClr                           0x080045c1   Thumb Code    58  cpu_c.o(.text)
    CPU_BitBandSet                           0x080045fb   Thumb Code    58  cpu_c.o(.text)
    CPU_IntSrcDis                            0x08004635   Thumb Code   328  cpu_c.o(.text)
    CPU_IntSrcEn                             0x0800477d   Thumb Code   328  cpu_c.o(.text)
    CPU_IntSrcPendClr                        0x080048c5   Thumb Code   164  cpu_c.o(.text)
    CPU_IntSrcPrioSet                        0x08004969   Thumb Code   522  cpu_c.o(.text)
    CPU_IntSrcPrioGet                        0x08004b73   Thumb Code   450  cpu_c.o(.text)
    OSIdleTaskHook                           0x08004d3d   Thumb Code    16  os_cpu_c.o(.text)
    OSInitHook                               0x08004d4d   Thumb Code    42  os_cpu_c.o(.text)
    OSStatTaskHook                           0x08004d77   Thumb Code    16  os_cpu_c.o(.text)
    OSTaskCreateHook                         0x08004d87   Thumb Code    20  os_cpu_c.o(.text)
    OSTaskDelHook                            0x08004d9b   Thumb Code    20  os_cpu_c.o(.text)
    OSTaskReturnHook                         0x08004daf   Thumb Code    20  os_cpu_c.o(.text)
    OSTaskStkInit                            0x08004dc3   Thumb Code   188  os_cpu_c.o(.text)
    OSTaskSwHook                             0x08004e7f   Thumb Code   120  os_cpu_c.o(.text)
    OSTimeTickHook                           0x08004ef7   Thumb Code    16  os_cpu_c.o(.text)
    OS_CPU_SysTickHandler                    0x08004f07   Thumb Code    52  os_cpu_c.o(.text)
    OS_CPU_SysTickInit                       0x08004f3b   Thumb Code    44  os_cpu_c.o(.text)
    OSCfg_Init                               0x08004fa9   Thumb Code     2  os_cfg_app.o(.text)
    OS_IdleTask                              0x08004fad   Thumb Code    60  os_core.o(.text)
    OS_IdleTaskInit                          0x08004fe9   Thumb Code    68  os_core.o(.text)
    OS_RdyListInit                           0x0800502d   Thumb Code    32  os_core.o(.text)
    OSInit                                   0x0800504d   Thumb Code   288  os_core.o(.text)
    OSIntEnter                               0x0800516d   Thumb Code    34  os_core.o(.text)
    OSIntExit                                0x0800518f   Thumb Code   192  os_core.o(.text)
    OSSched                                  0x0800524f   Thumb Code   134  os_core.o(.text)
    OS_SchedLockTimeMeasStart                0x080052d5   Thumb Code    20  os_core.o(.text)
    OSSchedLock                              0x080052e9   Thumb Code   104  os_core.o(.text)
    OS_SchedLockTimeMeasStop                 0x08005351   Thumb Code    44  os_core.o(.text)
    OSSchedUnlock                            0x0800537d   Thumb Code   290  os_core.o(.text)
    OSSchedRoundRobinCfg                     0x0800549f   Thumb Code    88  os_core.o(.text)
    OS_RdyListMoveHeadToTail                 0x080054f7   Thumb Code    68  os_core.o(.text)
    OSSchedRoundRobinYield                   0x0800553b   Thumb Code   164  os_core.o(.text)
    OSStart                                  0x080055df   Thumb Code    78  os_core.o(.text)
    OSVersion                                0x0800562d   Thumb Code    12  os_core.o(.text)
    OS_PendDbgNameAdd                        0x08005639   Thumb Code    66  os_core.o(.text)
    OS_PendListInsertPrio                    0x0800567b   Thumb Code   102  os_core.o(.text)
    OS_PendDataInit                          0x080056e1   Thumb Code    38  os_core.o(.text)
    OS_RdyListRemove                         0x08005707   Thumb Code    86  os_core.o(.text)
    OS_TaskBlock                             0x0800575d   Thumb Code    56  os_core.o(.text)
    OS_Pend                                  0x08005795   Thumb Code    98  os_core.o(.text)
    OS_PendListRemove1                       0x080057f7   Thumb Code   136  os_core.o(.text)
    OS_PendListRemove                        0x0800587f   Thumb Code    48  os_core.o(.text)
    OS_PendAbort1                            0x080058af   Thumb Code    36  os_core.o(.text)
    OS_RdyListInsertHead                     0x080058d3   Thumb Code    58  os_core.o(.text)
    OS_RdyListInsertTail                     0x0800590d   Thumb Code    56  os_core.o(.text)
    OS_RdyListInsert                         0x08005945   Thumb Code    40  os_core.o(.text)
    OS_TaskRdy                               0x0800596d   Thumb Code    28  os_core.o(.text)
    OS_PendAbort                             0x08005989   Thumb Code   166  os_core.o(.text)
    OS_PendDbgNameRemove                     0x08005a2f   Thumb Code    34  os_core.o(.text)
    OS_PendListChangePrio                    0x08005a51   Thumb Code    70  os_core.o(.text)
    OS_PendListInit                          0x08005a97   Thumb Code    10  os_core.o(.text)
    OS_PendListInsertHead                    0x08005aa1   Thumb Code    32  os_core.o(.text)
    OS_PendObjDel1                           0x08005ac1   Thumb Code    36  os_core.o(.text)
    OS_PendObjDel                            0x08005ae5   Thumb Code   162  os_core.o(.text)
    OS_Post1                                 0x08005b87   Thumb Code    42  os_core.o(.text)
    OS_Post                                  0x08005bb1   Thumb Code   192  os_core.o(.text)
    OS_SchedRoundRobin                       0x08005c71   Thumb Code   208  os_core.o(.text)
    OS_Dbg_Init                              0x08005d49   Thumb Code   148  os_dbg.o(.text)
    OS_FlagDbgListAdd                        0x08005ef5   Thumb Code    38  os_flag.o(.text)
    OSFlagCreate                             0x08005f1b   Thumb Code   116  os_flag.o(.text)
    OS_FlagBlock                             0x08005f8f   Thumb Code    58  os_flag.o(.text)
    OSFlagPend                               0x08005fc9   Thumb Code   902  os_flag.o(.text)
    OSFlagPendGetFlagsRdy                    0x0800634f   Thumb Code    68  os_flag.o(.text)
    OS_FlagTaskRdy                           0x08006393   Thumb Code    86  os_flag.o(.text)
    OS_FlagPost                              0x080063e9   Thumb Code   350  os_flag.o(.text)
    OSFlagPost                               0x08006547   Thumb Code   112  os_flag.o(.text)
    OS_FlagClr                               0x080065b7   Thumb Code    28  os_flag.o(.text)
    OS_FlagInit                              0x080065d3   Thumb Code    14  os_flag.o(.text)
    OS_FlagDbgListRemove                     0x080065e1   Thumb Code    44  os_flag.o(.text)
    OS_MemDbgListAdd                         0x0800662d   Thumb Code    34  os_mem.o(.text)
    OSMemCreate                              0x0800664f   Thumb Code   232  os_mem.o(.text)
    OSMemGet                                 0x08006737   Thumb Code   100  os_mem.o(.text)
    OSMemPut                                 0x0800679b   Thumb Code   112  os_mem.o(.text)
    OS_MemInit                               0x0800680b   Thumb Code    14  os_mem.o(.text)
    OS_MsgPoolInit                           0x08006829   Thumb Code   110  os_msg.o(.text)
    OS_MsgQFreeAll                           0x08006897   Thumb Code    62  os_msg.o(.text)
    OS_MsgQInit                              0x080068d5   Thumb Code    14  os_msg.o(.text)
    OS_MsgQGet                               0x080068e3   Thumb Code    98  os_msg.o(.text)
    OS_MsgQPut                               0x08006945   Thumb Code   254  os_msg.o(.text)
    OS_MutexDbgListAdd                       0x08006a51   Thumb Code    38  os_mutex.o(.text)
    OSMutexCreate                            0x08006a77   Thumb Code   122  os_mutex.o(.text)
    OSMutexPend                              0x08006af1   Thumb Code   574  os_mutex.o(.text)
    OSMutexPost                              0x08006d2f   Thumb Code   388  os_mutex.o(.text)
    OS_MutexClr                              0x08006eb3   Thumb Code    38  os_mutex.o(.text)
    OS_MutexDbgListRemove                    0x08006ed9   Thumb Code    44  os_mutex.o(.text)
    OS_MutexInit                             0x08006f05   Thumb Code    14  os_mutex.o(.text)
    OS_PrioInit                              0x08006f29   Thumb Code    20  os_prio.o(.text)
    OS_PrioGetHighest                        0x08006f3d   Thumb Code    36  os_prio.o(.text)
    OS_PrioInsert                            0x08006f61   Thumb Code    32  os_prio.o(.text)
    OS_PrioRemove                            0x08006f81   Thumb Code    32  os_prio.o(.text)
    OS_QDbgListAdd                           0x08006fa5   Thumb Code    38  os_q.o(.text)
    OSQCreate                                0x08006fcb   Thumb Code   130  os_q.o(.text)
    OSQPend                                  0x0800704d   Thumb Code   446  os_q.o(.text)
    OSQPendAbort                             0x0800720b   Thumb Code   236  os_q.o(.text)
    OS_QPost                                 0x080072f7   Thumb Code   220  os_q.o(.text)
    OSQPost                                  0x080073d3   Thumb Code   144  os_q.o(.text)
    OS_QClr                                  0x08007463   Thumb Code    40  os_q.o(.text)
    OS_QDbgListRemove                        0x0800748b   Thumb Code    44  os_q.o(.text)
    OS_QInit                                 0x080074b7   Thumb Code    14  os_q.o(.text)
    OS_SemDbgListAdd                         0x080074d9   Thumb Code    38  os_sem.o(.text)
    OSSemCreate                              0x080074ff   Thumb Code   116  os_sem.o(.text)
    OSSemPend                                0x08007573   Thumb Code   406  os_sem.o(.text)
    OSSemPendAbort                           0x08007709   Thumb Code   236  os_sem.o(.text)
    OS_SemPost                               0x080077f5   Thumb Code   322  os_sem.o(.text)
    OSSemPost                                0x08007937   Thumb Code   108  os_sem.o(.text)
    OSSemSet                                 0x080079a3   Thumb Code   120  os_sem.o(.text)
    OS_SemClr                                0x08007a1b   Thumb Code    28  os_sem.o(.text)
    OS_SemDbgListRemove                      0x08007a37   Thumb Code    44  os_sem.o(.text)
    OS_SemInit                               0x08007a63   Thumb Code    14  os_sem.o(.text)
    OSStatReset                              0x08007a8d   Thumb Code   262  os_stat.o(.text)
    OSStatTaskCPUUsageInit                   0x08007b93   Thumb Code   212  os_stat.o(.text)
    OS_StatTask                              0x08007c67   Thumb Code   768  os_stat.o(.text)
    OS_StatTaskInit                          0x08007f67   Thumb Code   138  os_stat.o(.text)
    OSTaskChangePrio                         0x08008035   Thumb Code   274  os_task.o(.text)
    OS_TaskDbgListAdd                        0x08008147   Thumb Code    42  os_task.o(.text)
    OS_TaskInitTCB                           0x08008171   Thumb Code   190  os_task.o(.text)
    OSTaskCreate                             0x0800822f   Thumb Code   412  os_task.o(.text)
    OSTaskQFlush                             0x080083cb   Thumb Code   154  os_task.o(.text)
    OSTaskQPend                              0x08008465   Thumb Code   458  os_task.o(.text)
    OS_TaskQPost                             0x0800862f   Thumb Code   220  os_task.o(.text)
    OSTaskQPost                              0x0800870b   Thumb Code    82  os_task.o(.text)
    OSTaskRegGet                             0x0800875d   Thumb Code    78  os_task.o(.text)
    OSTaskRegGetID                           0x080087ab   Thumb Code    84  os_task.o(.text)
    OSTaskRegSet                             0x080087ff   Thumb Code    78  os_task.o(.text)
    OS_TaskResume                            0x0800884d   Thumb Code   274  os_task.o(.text)
    OSTaskResume                             0x0800895f   Thumb Code    96  os_task.o(.text)
    OSTaskSemPend                            0x080089bf   Thumb Code   464  os_task.o(.text)
    OSTaskSemPendAbort                       0x08008b8f   Thumb Code   214  os_task.o(.text)
    OS_TaskSemPost                           0x08008c65   Thumb Code   462  os_task.o(.text)
    OSTaskSemPost                            0x08008e33   Thumb Code    62  os_task.o(.text)
    OSTaskSemSet                             0x08008e71   Thumb Code    80  os_task.o(.text)
    OSTaskStkChk                             0x08008ec1   Thumb Code   204  os_task.o(.text)
    OS_TaskSuspend                           0x08008f8d   Thumb Code   272  os_task.o(.text)
    OSTaskSuspend                            0x0800909d   Thumb Code    48  os_task.o(.text)
    OSTaskTimeQuantaSet                      0x080090cd   Thumb Code    96  os_task.o(.text)
    OS_TaskDbgListRemove                     0x0800912d   Thumb Code    64  os_task.o(.text)
    OS_TaskInit                              0x0800916d   Thumb Code    18  os_task.o(.text)
    OS_TaskReturn                            0x0800917f   Thumb Code    26  os_task.o(.text)
    OS_TickListRemove                        0x080091bd   Thumb Code    56  os_tick.o(.text)
    OS_TickListUpdate                        0x080091f5   Thumb Code   376  os_tick.o(.text)
    OS_TickTask                              0x0800936d   Thumb Code    38  os_tick.o(.text)
    OS_TickListInit                          0x08009393   Thumb Code    32  os_tick.o(.text)
    OS_TickTaskInit                          0x080093b3   Thumb Code   130  os_tick.o(.text)
    OS_TickListInsert                        0x08009435   Thumb Code   430  os_tick.o(.text)
    OS_TickListResetPeak                     0x080095e3   Thumb Code    94  os_tick.o(.text)
    OSTimeDly                                0x08009641   Thumb Code   182  os_time.o(.text)
    OSTimeDlyHMSM                            0x080096f7   Thumb Code   394  os_time.o(.text)
    OSTimeGet                                0x08009881   Thumb Code    46  os_time.o(.text)
    OSTimeSet                                0x080098af   Thumb Code    46  os_time.o(.text)
    OSTimeTick                               0x080098dd   Thumb Code    68  os_time.o(.text)
    OS_TmrDbgListAdd                         0x0800994d   Thumb Code    34  os_tmr.o(.text)
    OSTmrCreate                              0x0800996f   Thumb Code   192  os_tmr.o(.text)
    OSTmrRemainGet                           0x08009a2f   Thumb Code   188  os_tmr.o(.text)
    OS_TmrLink                               0x08009aeb   Thumb Code   196  os_tmr.o(.text)
    OS_TmrUnlink                             0x08009baf   Thumb Code    72  os_tmr.o(.text)
    OSTmrStart                               0x08009bf7   Thumb Code   170  os_tmr.o(.text)
    OSTmrStateGet                            0x08009ca1   Thumb Code   134  os_tmr.o(.text)
    OSTmrStop                                0x08009d27   Thumb Code   276  os_tmr.o(.text)
    OS_TmrClr                                0x08009e3b   Thumb Code    36  os_tmr.o(.text)
    OS_TmrDbgListRemove                      0x08009e5f   Thumb Code    44  os_tmr.o(.text)
    OS_TmrTask                               0x08009e8b   Thumb Code   176  os_tmr.o(.text)
    OS_TmrInit                               0x08009f3b   Thumb Code   208  os_tmr.o(.text)
    OS_TmrResetPeak                          0x0800a00b   Thumb Code    28  os_tmr.o(.text)
    __c89vsnprintf                           0x0800a08d   Thumb Code    48  c89vsnprintf.o(.text)
    __use_two_region_memory                  0x0800a0c1   Thumb Code     2  heapauxi.o(.text)
    __rt_heap_escrow$2region                 0x0800a0c3   Thumb Code     2  heapauxi.o(.text)
    __rt_heap_expand$2region                 0x0800a0c5   Thumb Code     2  heapauxi.o(.text)
    _printf_pre_padding                      0x0800a0c7   Thumb Code    44  _printf_pad.o(.text)
    _printf_post_padding                     0x0800a0f3   Thumb Code    34  _printf_pad.o(.text)
    _printf_truncate_signed                  0x0800a115   Thumb Code    18  _printf_truncate.o(.text)
    _printf_truncate_unsigned                0x0800a127   Thumb Code    18  _printf_truncate.o(.text)
    _printf_str                              0x0800a139   Thumb Code    82  _printf_str.o(.text)
    _printf_int_dec                          0x0800a18d   Thumb Code   100  _printf_dec.o(.text)
    _printf_charcount                        0x0800a201   Thumb Code    40  _printf_charcount.o(.text)
    _printf_char_common                      0x0800a233   Thumb Code    32  _printf_char_common.o(.text)
    _sputc                                   0x0800a259   Thumb Code    10  _sputc.o(.text)
    _snputc                                  0x0800a263   Thumb Code    16  _snputc.o(.text)
    _printf_wctomb                           0x0800a275   Thumb Code   182  _printf_wctomb.o(.text)
    _printf_longlong_dec                     0x0800a331   Thumb Code   104  _printf_longlong_dec.o(.text)
    _printf_longlong_oct                     0x0800a3a9   Thumb Code    68  _printf_oct_int_ll.o(.text)
    _printf_int_oct                          0x0800a3ed   Thumb Code    24  _printf_oct_int_ll.o(.text)
    _printf_ll_oct                           0x0800a405   Thumb Code    12  _printf_oct_int_ll.o(.text)
    _printf_longlong_hex                     0x0800a419   Thumb Code    86  _printf_hex_int_ll_ptr.o(.text)
    _printf_int_hex                          0x0800a46f   Thumb Code    28  _printf_hex_int_ll_ptr.o(.text)
    _printf_ll_hex                           0x0800a48b   Thumb Code    12  _printf_hex_int_ll_ptr.o(.text)
    _printf_hex_ptr                          0x0800a497   Thumb Code    18  _printf_hex_int_ll_ptr.o(.text)
    __printf                                 0x0800a4ad   Thumb Code   388  __printf_flags_ss_wp.o(.text)
    _ll_udiv10                               0x0800a635   Thumb Code   138  lludiv10.o(.text)
    _printf_int_common                       0x0800a6bf   Thumb Code   178  _printf_intcommon.o(.text)
    __lib_sel_fp_printf                      0x0800a771   Thumb Code     2  _printf_fp_dec.o(.text)
    _printf_fp_dec_real                      0x0800a91f   Thumb Code   616  _printf_fp_dec.o(.text)
    _printf_cs_common                        0x0800ab87   Thumb Code    20  _printf_char.o(.text)
    _printf_char                             0x0800ab9b   Thumb Code    16  _printf_char.o(.text)
    _printf_string                           0x0800abab   Thumb Code     8  _printf_char.o(.text)
    _printf_lcs_common                       0x0800abb3   Thumb Code    20  _printf_wchar.o(.text)
    _printf_wchar                            0x0800abc7   Thumb Code    16  _printf_wchar.o(.text)
    _printf_wstring                          0x0800abd7   Thumb Code     8  _printf_wchar.o(.text)
    _wcrtomb                                 0x0800abdf   Thumb Code    64  _wcrtomb.o(.text)
    __user_setup_stackheap                   0x0800ac1f   Thumb Code    74  sys_stackheap_outer.o(.text)
    __rt_ctype_table                         0x0800ac69   Thumb Code    16  rt_ctype_table.o(.text)
    __rt_locale                              0x0800ac79   Thumb Code     8  rt_locale_intlibspace.o(.text)
    _printf_fp_infnan                        0x0800ac81   Thumb Code   112  _printf_fp_infnan.o(.text)
    _btod_etento                             0x0800ad01   Thumb Code   212  bigflt0.o(.text)
    exit                                     0x0800add9   Thumb Code    12  exit.o(.text)
    __user_libspace                          0x0800ade5   Thumb Code     8  libspace.o(.text)
    __user_perproc_libspace                  0x0800ade5   Thumb Code     0  libspace.o(.text)
    __user_perthread_libspace                0x0800ade5   Thumb Code     0  libspace.o(.text)
    strcmp                                   0x0800aded   Thumb Code   128  strcmpv7m.o(.text)
    _sys_exit                                0x0800ae6d   Thumb Code     8  sys_exit.o(.text)
    __I$use$semihosting                      0x0800ae79   Thumb Code     0  use_no_semi.o(.text)
    __use_no_semihosting_swi                 0x0800ae79   Thumb Code     2  use_no_semi.o(.text)
    __semihosting_library_function           0x0800ae7b   Thumb Code     0  indicate_semi.o(.text)
    _btod_d2e                                0x0800ae7b   Thumb Code    62  btod.o(CL$$btod_d2e)
    _d2e_denorm_low                          0x0800aeb9   Thumb Code    70  btod.o(CL$$btod_d2e_denorm_low)
    _d2e_norm_op1                            0x0800aeff   Thumb Code    96  btod.o(CL$$btod_d2e_norm_op1)
    __btod_div_common                        0x0800af5f   Thumb Code   696  btod.o(CL$$btod_div_common)
    _e2e                                     0x0800b297   Thumb Code   198  btod.o(CL$$btod_e2e)
    _btod_ediv                               0x0800b35d   Thumb Code    40  btod.o(CL$$btod_ediv)
    _btod_emul                               0x0800b385   Thumb Code    40  btod.o(CL$$btod_emul)
    __btod_mult_common                       0x0800b3ad   Thumb Code   580  btod.o(CL$$btod_mult_common)
    OSStartHighRdy                           0x0800b5f1   Thumb Code     0  os_cpu_a.o(CODE)
    OS_CPU_PendSVHandler                     0x0800b613   Thumb Code     0  os_cpu_a.o(CODE)
    __ARM_fpclassify                         0x0800b675   Thumb Code    40  fpclassify.o(i.__ARM_fpclassify)
    _is_digit                                0x0800b69d   Thumb Code    14  __printf_wp.o(i._is_digit)
    _get_lc_numeric                          0x0800b6ad   Thumb Code    44  lc_numeric_c.o(locale$$code)
    _get_lc_ctype                            0x0800b6d9   Thumb Code    44  lc_ctype_c.o(locale$$code)
    _printf_fp_dec                           0x0800b705   Thumb Code     4  printf1.o(x$fpl$printf1)
    GPIO_PIN                                 0x0800b708   Data           8  bsp.o(.constdata)
    __I$use$fp                               0x0800b708   Number         0  usenofp.o(x$fpl$usenofp)
    GPIO_CLK                                 0x0800b710   Data          16  bsp.o(.constdata)
    OSCfg_IdleTaskStkBasePtr                 0x0800b8b4   Data           4  os_cfg_app.o(.constdata)
    OSCfg_IdleTaskStkLimit                   0x0800b8b8   Data           4  os_cfg_app.o(.constdata)
    OSCfg_IdleTaskStkSize                    0x0800b8bc   Data           4  os_cfg_app.o(.constdata)
    OSCfg_IdleTaskStkSizeRAM                 0x0800b8c0   Data           4  os_cfg_app.o(.constdata)
    OSCfg_IntQBasePtr                        0x0800b8c4   Data           4  os_cfg_app.o(.constdata)
    OSCfg_IntQSize                           0x0800b8c8   Data           2  os_cfg_app.o(.constdata)
    OSCfg_IntQSizeRAM                        0x0800b8cc   Data           4  os_cfg_app.o(.constdata)
    OSCfg_IntQTaskStkBasePtr                 0x0800b8d0   Data           4  os_cfg_app.o(.constdata)
    OSCfg_IntQTaskStkLimit                   0x0800b8d4   Data           4  os_cfg_app.o(.constdata)
    OSCfg_IntQTaskStkSize                    0x0800b8d8   Data           4  os_cfg_app.o(.constdata)
    OSCfg_IntQTaskStkSizeRAM                 0x0800b8dc   Data           4  os_cfg_app.o(.constdata)
    OSCfg_ISRStkBasePtr                      0x0800b8e0   Data           4  os_cfg_app.o(.constdata)
    OSCfg_ISRStkSize                         0x0800b8e4   Data           4  os_cfg_app.o(.constdata)
    OSCfg_ISRStkSizeRAM                      0x0800b8e8   Data           4  os_cfg_app.o(.constdata)
    OSCfg_MsgPoolSize                        0x0800b8ec   Data           2  os_cfg_app.o(.constdata)
    OSCfg_MsgPoolSizeRAM                     0x0800b8f0   Data           4  os_cfg_app.o(.constdata)
    OSCfg_MsgPoolBasePtr                     0x0800b8f4   Data           4  os_cfg_app.o(.constdata)
    OSCfg_StatTaskPrio                       0x0800b8f8   Data           1  os_cfg_app.o(.constdata)
    OSCfg_StatTaskRate_Hz                    0x0800b8fc   Data           4  os_cfg_app.o(.constdata)
    OSCfg_StatTaskStkBasePtr                 0x0800b900   Data           4  os_cfg_app.o(.constdata)
    OSCfg_StatTaskStkLimit                   0x0800b904   Data           4  os_cfg_app.o(.constdata)
    OSCfg_StatTaskStkSize                    0x0800b908   Data           4  os_cfg_app.o(.constdata)
    OSCfg_StatTaskStkSizeRAM                 0x0800b90c   Data           4  os_cfg_app.o(.constdata)
    OSCfg_StkSizeMin                         0x0800b910   Data           4  os_cfg_app.o(.constdata)
    OSCfg_TickRate_Hz                        0x0800b914   Data           4  os_cfg_app.o(.constdata)
    OSCfg_TickTaskPrio                       0x0800b918   Data           1  os_cfg_app.o(.constdata)
    OSCfg_TickTaskStkBasePtr                 0x0800b91c   Data           4  os_cfg_app.o(.constdata)
    OSCfg_TickTaskStkLimit                   0x0800b920   Data           4  os_cfg_app.o(.constdata)
    OSCfg_TickTaskStkSize                    0x0800b924   Data           4  os_cfg_app.o(.constdata)
    OSCfg_TickTaskStkSizeRAM                 0x0800b928   Data           4  os_cfg_app.o(.constdata)
    OSCfg_TickWheelSize                      0x0800b92c   Data           2  os_cfg_app.o(.constdata)
    OSCfg_TickWheelSizeRAM                   0x0800b930   Data           4  os_cfg_app.o(.constdata)
    OSCfg_TmrTaskPrio                        0x0800b934   Data           1  os_cfg_app.o(.constdata)
    OSCfg_TmrTaskRate_Hz                     0x0800b938   Data           4  os_cfg_app.o(.constdata)
    OSCfg_TmrTaskStkBasePtr                  0x0800b93c   Data           4  os_cfg_app.o(.constdata)
    OSCfg_TmrTaskStkLimit                    0x0800b940   Data           4  os_cfg_app.o(.constdata)
    OSCfg_TmrTaskStkSize                     0x0800b944   Data           4  os_cfg_app.o(.constdata)
    OSCfg_TmrTaskStkSizeRAM                  0x0800b948   Data           4  os_cfg_app.o(.constdata)
    OSCfg_TmrWheelSize                       0x0800b94c   Data           2  os_cfg_app.o(.constdata)
    OSCfg_TmrWheelSizeRAM                    0x0800b950   Data           4  os_cfg_app.o(.constdata)
    OSCfg_DataSizeRAM                        0x0800b954   Data           4  os_cfg_app.o(.constdata)
    OSDbg_DbgEn                              0x0800b958   Data           1  os_dbg.o(.constdata)
    OSDbg_ArgChkEn                           0x0800b959   Data           1  os_dbg.o(.constdata)
    OSDbg_AppHooksEn                         0x0800b95a   Data           1  os_dbg.o(.constdata)
    OSDbg_EndiannessTest                     0x0800b95c   Data           4  os_dbg.o(.constdata)
    OSDbg_CalledFromISRChkEn                 0x0800b960   Data           1  os_dbg.o(.constdata)
    OSDbg_FlagEn                             0x0800b961   Data           1  os_dbg.o(.constdata)
    OSDbg_FlagGrp                            0x0800b964   Data          40  os_dbg.o(.constdata)
    OSDbg_FlagDelEn                          0x0800b98c   Data           1  os_dbg.o(.constdata)
    OSDbg_FlagModeClrEn                      0x0800b98d   Data           1  os_dbg.o(.constdata)
    OSDbg_FlagPendAbortEn                    0x0800b98e   Data           1  os_dbg.o(.constdata)
    OSDbg_FlagGrpSize                        0x0800b990   Data           2  os_dbg.o(.constdata)
    OSDbg_FlagWidth                          0x0800b992   Data           2  os_dbg.o(.constdata)
    OSDbg_IntQ                               0x0800b994   Data           2  os_dbg.o(.constdata)
    OSDbg_ISRPostDeferredEn                  0x0800b996   Data           1  os_dbg.o(.constdata)
    OSDbg_Mem                                0x0800b998   Data          32  os_dbg.o(.constdata)
    OSDbg_MemEn                              0x0800b9b8   Data           1  os_dbg.o(.constdata)
    OSDbg_MemSize                            0x0800b9ba   Data           2  os_dbg.o(.constdata)
    OSDbg_MsgEn                              0x0800b9bc   Data           1  os_dbg.o(.constdata)
    OSDbg_MsgSize                            0x0800b9be   Data           2  os_dbg.o(.constdata)
    OSDbg_MsgPoolSize                        0x0800b9c0   Data           2  os_dbg.o(.constdata)
    OSDbg_MsgQSize                           0x0800b9c2   Data           2  os_dbg.o(.constdata)
    OSDbg_Mutex                              0x0800b9c4   Data          44  os_dbg.o(.constdata)
    OSDbg_MutexEn                            0x0800b9f0   Data           1  os_dbg.o(.constdata)
    OSDbg_MutexDelEn                         0x0800b9f1   Data           1  os_dbg.o(.constdata)
    OSDbg_MutexPendAbortEn                   0x0800b9f2   Data           1  os_dbg.o(.constdata)
    OSDbg_MutexSize                          0x0800b9f4   Data           2  os_dbg.o(.constdata)
    OSDbg_ObjTypeChkEn                       0x0800b9f6   Data           1  os_dbg.o(.constdata)
    OSDbg_PendMultiEn                        0x0800b9f7   Data           1  os_dbg.o(.constdata)
    OSDbg_PendDataSize                       0x0800b9f8   Data           2  os_dbg.o(.constdata)
    OSDbg_PendListSize                       0x0800b9fa   Data           2  os_dbg.o(.constdata)
    OSDbg_PendObjSize                        0x0800b9fc   Data           2  os_dbg.o(.constdata)
    OSDbg_PrioMax                            0x0800b9fe   Data           2  os_dbg.o(.constdata)
    OSDbg_PrioTblSize                        0x0800ba00   Data           2  os_dbg.o(.constdata)
    OSDbg_PtrSize                            0x0800ba02   Data           2  os_dbg.o(.constdata)
    OSDbg_Q                                  0x0800ba04   Data          48  os_dbg.o(.constdata)
    OSDbg_QEn                                0x0800ba34   Data           1  os_dbg.o(.constdata)
    OSDbg_QDelEn                             0x0800ba35   Data           1  os_dbg.o(.constdata)
    OSDbg_QFlushEn                           0x0800ba36   Data           1  os_dbg.o(.constdata)
    OSDbg_QPendAbortEn                       0x0800ba37   Data           1  os_dbg.o(.constdata)
    OSDbg_QSize                              0x0800ba38   Data           2  os_dbg.o(.constdata)
    OSDbg_SchedRoundRobinEn                  0x0800ba3a   Data           1  os_dbg.o(.constdata)
    OSDbg_Sem                                0x0800ba3c   Data          40  os_dbg.o(.constdata)
    OSDbg_SemEn                              0x0800ba64   Data           1  os_dbg.o(.constdata)
    OSDbg_SemDelEn                           0x0800ba65   Data           1  os_dbg.o(.constdata)
    OSDbg_SemPendAbortEn                     0x0800ba66   Data           1  os_dbg.o(.constdata)
    OSDbg_SemSetEn                           0x0800ba67   Data           1  os_dbg.o(.constdata)
    OSDbg_SemSize                            0x0800ba68   Data           2  os_dbg.o(.constdata)
    OSDbg_RdyList                            0x0800ba6a   Data           2  os_dbg.o(.constdata)
    OSDbg_RdyListSize                        0x0800ba6c   Data           4  os_dbg.o(.constdata)
    OSDbg_StkWidth                           0x0800ba70   Data           1  os_dbg.o(.constdata)
    OSDbg_StatTaskEn                         0x0800ba71   Data           1  os_dbg.o(.constdata)
    OSDbg_StatTaskStkChkEn                   0x0800ba72   Data           1  os_dbg.o(.constdata)
    OSDbg_TaskChangePrioEn                   0x0800ba73   Data           1  os_dbg.o(.constdata)
    OSDbg_TaskDelEn                          0x0800ba74   Data           1  os_dbg.o(.constdata)
    OSDbg_TaskQEn                            0x0800ba75   Data           1  os_dbg.o(.constdata)
    OSDbg_TaskQPendAbortEn                   0x0800ba76   Data           1  os_dbg.o(.constdata)
    OSDbg_TaskProfileEn                      0x0800ba77   Data           1  os_dbg.o(.constdata)
    OSDbg_TaskRegTblSize                     0x0800ba78   Data           2  os_dbg.o(.constdata)
    OSDbg_TaskSemPendAbortEn                 0x0800ba7a   Data           1  os_dbg.o(.constdata)
    OSDbg_TaskSuspendEn                      0x0800ba7b   Data           1  os_dbg.o(.constdata)
    OSDbg_TCBSize                            0x0800ba7c   Data           2  os_dbg.o(.constdata)
    OSDbg_TickSpokeSize                      0x0800ba7e   Data           2  os_dbg.o(.constdata)
    OSDbg_TimeDlyHMSMEn                      0x0800ba80   Data           1  os_dbg.o(.constdata)
    OSDbg_TimeDlyResumeEn                    0x0800ba81   Data           1  os_dbg.o(.constdata)
    OSDbg_TLS_TblSize                        0x0800ba82   Data           2  os_dbg.o(.constdata)
    OSDbg_Tmr                                0x0800ba84   Data          52  os_dbg.o(.constdata)
    OSDbg_TmrEn                              0x0800bab8   Data           1  os_dbg.o(.constdata)
    OSDbg_TmrDelEn                           0x0800bab9   Data           1  os_dbg.o(.constdata)
    OSDbg_TmrSize                            0x0800baba   Data           2  os_dbg.o(.constdata)
    OSDbg_TmrSpokeSize                       0x0800babc   Data           2  os_dbg.o(.constdata)
    OSDbg_VersionNbr                         0x0800babe   Data           2  os_dbg.o(.constdata)
    OSDbg_DataSize                           0x0800bac0   Data           4  os_dbg.o(.constdata)
    Region$$Table$$Base                      0x0800bb9c   Number         0  anon$$obj.o(Region$$Table)
    Region$$Table$$Limit                     0x0800bbbc   Number         0  anon$$obj.o(Region$$Table)
    __ctype                                  0x0800bbe5   Data           0  lc_ctype_c.o(locale$$data)
    GPIO_PORT                                0x20000000   Data          16  bsp.o(.data)
    Mem_PoolTbl                              0x20000024   Data           4  lib_mem.o(.data)
    CPU_TS_TmrFreq_Hz                        0x20000028   Data           4  cpu_core.o(.data)
    OS_CPU_ExceptStkBase                     0x2000002c   Data           4  os_cpu_c.o(.data)
    OSPrioTbl                                0x20000030   Data           4  os_prio.o(.data)
    OS_AppTaskCreateHookPtr                  0x20000034   Data           4  os_var.o(.data)
    OS_AppTaskDelHookPtr                     0x20000038   Data           4  os_var.o(.data)
    OS_AppTaskReturnHookPtr                  0x2000003c   Data           4  os_var.o(.data)
    OS_AppIdleTaskHookPtr                    0x20000040   Data           4  os_var.o(.data)
    OS_AppStatTaskHookPtr                    0x20000044   Data           4  os_var.o(.data)
    OS_AppTaskSwHookPtr                      0x20000048   Data           4  os_var.o(.data)
    OS_AppTimeTickHookPtr                    0x2000004c   Data           4  os_var.o(.data)
    OSIdleTaskCtr                            0x20000050   Data           4  os_var.o(.data)
    OSIntNestingCtr                          0x20000054   Data           1  os_var.o(.data)
    OSRunning                                0x20000055   Data           1  os_var.o(.data)
    OSFlagDbgListPtr                         0x20000058   Data           4  os_var.o(.data)
    OSFlagQty                                0x2000005c   Data           2  os_var.o(.data)
    OSMemDbgListPtr                          0x20000060   Data           4  os_var.o(.data)
    OSMemQty                                 0x20000064   Data           2  os_var.o(.data)
    OSMutexDbgListPtr                        0x20000068   Data           4  os_var.o(.data)
    OSMutexQty                               0x2000006c   Data           2  os_var.o(.data)
    OSPrioCur                                0x2000006e   Data           1  os_var.o(.data)
    OSPrioHighRdy                            0x2000006f   Data           1  os_var.o(.data)
    OSPrioSaved                              0x20000070   Data           1  os_var.o(.data)
    OSQDbgListPtr                            0x20000074   Data           4  os_var.o(.data)
    OSQQty                                   0x20000078   Data           2  os_var.o(.data)
    OSSchedLockTimeBegin                     0x2000007c   Data           4  os_var.o(.data)
    OSSchedLockTimeMax                       0x20000080   Data           4  os_var.o(.data)
    OSSchedLockTimeMaxCur                    0x20000084   Data           4  os_var.o(.data)
    OSSchedLockNestingCtr                    0x20000088   Data           1  os_var.o(.data)
    OSSchedRoundRobinDfltTimeQuanta          0x2000008c   Data           4  os_var.o(.data)
    OSSchedRoundRobinEn                      0x20000090   Data           1  os_var.o(.data)
    OSSemDbgListPtr                          0x20000094   Data           4  os_var.o(.data)
    OSSemQty                                 0x20000098   Data           2  os_var.o(.data)
    OSStatResetFlag                          0x2000009a   Data           1  os_var.o(.data)
    OSStatTaskCPUUsage                       0x2000009c   Data           2  os_var.o(.data)
    OSStatTaskCPUUsageMax                    0x2000009e   Data           2  os_var.o(.data)
    OSStatTaskCtr                            0x200000a0   Data           4  os_var.o(.data)
    OSStatTaskCtrMax                         0x200000a4   Data           4  os_var.o(.data)
    OSStatTaskCtrRun                         0x200000a8   Data           4  os_var.o(.data)
    OSStatTaskRdy                            0x200000ac   Data           1  os_var.o(.data)
    OSStatTaskTimeMax                        0x200000b0   Data           4  os_var.o(.data)
    OSTaskCtxSwCtr                           0x200000b4   Data           4  os_var.o(.data)
    OSTaskDbgListPtr                         0x200000b8   Data           4  os_var.o(.data)
    OSTaskQty                                0x200000bc   Data           2  os_var.o(.data)
    OSTaskRegNextAvailID                     0x200000be   Data           1  os_var.o(.data)
    OSTickCtr                                0x200000c0   Data           4  os_var.o(.data)
    OSTickTaskTimeMax                        0x200000c4   Data           4  os_var.o(.data)
    OSTmrDbgListPtr                          0x200000c8   Data           4  os_var.o(.data)
    OSTmrQty                                 0x200000cc   Data           2  os_var.o(.data)
    OSTmrTaskTimeMax                         0x200000d0   Data           4  os_var.o(.data)
    OSTmrTickCtr                             0x200000d4   Data           4  os_var.o(.data)
    OSTmrUpdateCnt                           0x200000d8   Data           4  os_var.o(.data)
    OSTmrUpdateCtr                           0x200000dc   Data           4  os_var.o(.data)
    OSTCBCurPtr                              0x200000e0   Data           4  os_var.o(.data)
    OSTCBHighRdyPtr                          0x200000e4   Data           4  os_var.o(.data)
    Mem_PoolHeap                             0x20000af0   Data          72  lib_mem.o(.bss)
    Mem_Heap                                 0x20000b38   Data        9216  lib_mem.o(.bss)
    CPU_Name                                 0x20002f38   Data          16  cpu_core.o(.bss)
    OSCfg_IdleTaskStk                        0x20002f48   Data         512  os_cfg_app.o(.bss)
    OSCfg_ISRStk                             0x20003148   Data        1024  os_cfg_app.o(.bss)
    OSCfg_MsgPool                            0x20003548   Data         800  os_cfg_app.o(.bss)
    OSCfg_StatTaskStk                        0x20003868   Data         512  os_cfg_app.o(.bss)
    OSCfg_TickTaskStk                        0x20003a68   Data         512  os_cfg_app.o(.bss)
    OSCfg_TickWheel                          0x20003c68   Data         128  os_cfg_app.o(.bss)
    OSCfg_TmrTaskStk                         0x20003ce8   Data         512  os_cfg_app.o(.bss)
    OSCfg_TmrWheel                           0x20003ee8   Data         128  os_cfg_app.o(.bss)
    OSIdleTaskTCB                            0x20003f68   Data         196  os_var.o(.bss)
    OSMsgPool                                0x2000402c   Data          12  os_var.o(.bss)
    OSRdyList                                0x20004038   Data         144  os_var.o(.bss)
    OSStatTaskTCB                            0x200040c8   Data         196  os_var.o(.bss)
    OSTickTaskTCB                            0x2000418c   Data         196  os_var.o(.bss)
    OSTmrTaskTCB                             0x20004250   Data         196  os_var.o(.bss)
    __libspace_start                         0x20004314   Data          96  libspace.o(.bss)
    __temporary_stack_top$libspace           0x20004374   Data           0  libspace.o(.bss)



==============================================================================

Memory Map of the image

  Image Entry point : 0x08000185

  Load Region LR_IROM1 (Base: 0x08000000, Size: 0x0000bdd0, Max: 0x00100000, ABSOLUTE)

    Execution Region ER_IROM1 (Base: 0x08000000, Size: 0x0000bce8, Max: 0x00100000, ABSOLUTE)

    Base Addr    Size         Type   Attr      Idx    E Section Name        Object

    0x08000000   0x00000184   Data   RO          344    RESET               cstartup.o
    0x08000184   0x00000008   Code   RO         1220  * !!!main             c_w.l(__main.o)
    0x0800018c   0x00000034   Code   RO         1531    !!!scatter          c_w.l(__scatter.o)
    0x080001c0   0x0000001a   Code   RO         1533    !!handler_copy      c_w.l(__scatter_copy.o)
    0x080001da   0x00000002   PAD
    0x080001dc   0x0000001c   Code   RO         1535    !!handler_zi        c_w.l(__scatter_zi.o)
    0x080001f8   0x00000000   Code   RO         1306    .ARM.Collect$$_printf_percent$$00000000  c_w.l(_printf_percent.o)
    0x080001f8   0x00000006   Code   RO         1295    .ARM.Collect$$_printf_percent$$00000001  c_w.l(_printf_n.o)
    0x080001fe   0x00000006   Code   RO         1297    .ARM.Collect$$_printf_percent$$00000002  c_w.l(_printf_p.o)
    0x08000204   0x00000006   Code   RO         1302    .ARM.Collect$$_printf_percent$$00000003  c_w.l(_printf_f.o)
    0x0800020a   0x00000006   Code   RO         1303    .ARM.Collect$$_printf_percent$$00000004  c_w.l(_printf_e.o)
    0x08000210   0x00000006   Code   RO         1304    .ARM.Collect$$_printf_percent$$00000005  c_w.l(_printf_g.o)
    0x08000216   0x00000006   Code   RO         1305    .ARM.Collect$$_printf_percent$$00000006  c_w.l(_printf_a.o)
    0x0800021c   0x0000000a   Code   RO         1310    .ARM.Collect$$_printf_percent$$00000007  c_w.l(_printf_ll.o)
    0x08000226   0x00000006   Code   RO         1299    .ARM.Collect$$_printf_percent$$00000008  c_w.l(_printf_i.o)
    0x0800022c   0x00000006   Code   RO         1300    .ARM.Collect$$_printf_percent$$00000009  c_w.l(_printf_d.o)
    0x08000232   0x00000006   Code   RO         1301    .ARM.Collect$$_printf_percent$$0000000A  c_w.l(_printf_u.o)
    0x08000238   0x00000006   Code   RO         1298    .ARM.Collect$$_printf_percent$$0000000B  c_w.l(_printf_o.o)
    0x0800023e   0x00000006   Code   RO         1296    .ARM.Collect$$_printf_percent$$0000000C  c_w.l(_printf_x.o)
    0x08000244   0x00000006   Code   RO         1307    .ARM.Collect$$_printf_percent$$0000000D  c_w.l(_printf_lli.o)
    0x0800024a   0x00000006   Code   RO         1308    .ARM.Collect$$_printf_percent$$0000000E  c_w.l(_printf_lld.o)
    0x08000250   0x00000006   Code   RO         1309    .ARM.Collect$$_printf_percent$$0000000F  c_w.l(_printf_llu.o)
    0x08000256   0x00000006   Code   RO         1314    .ARM.Collect$$_printf_percent$$00000010  c_w.l(_printf_llo.o)
    0x0800025c   0x00000006   Code   RO         1315    .ARM.Collect$$_printf_percent$$00000011  c_w.l(_printf_llx.o)
    0x08000262   0x0000000a   Code   RO         1311    .ARM.Collect$$_printf_percent$$00000012  c_w.l(_printf_l.o)
    0x0800026c   0x00000006   Code   RO         1293    .ARM.Collect$$_printf_percent$$00000013  c_w.l(_printf_c.o)
    0x08000272   0x00000006   Code   RO         1294    .ARM.Collect$$_printf_percent$$00000014  c_w.l(_printf_s.o)
    0x08000278   0x00000006   Code   RO         1312    .ARM.Collect$$_printf_percent$$00000015  c_w.l(_printf_lc.o)
    0x0800027e   0x00000006   Code   RO         1313    .ARM.Collect$$_printf_percent$$00000016  c_w.l(_printf_ls.o)
    0x08000284   0x00000004   Code   RO         1345    .ARM.Collect$$_printf_percent$$00000017  c_w.l(_printf_percent_end.o)
    0x08000288   0x00000002   Code   RO         1394    .ARM.Collect$$libinit$$00000000  c_w.l(libinit.o)
    0x0800028a   0x00000000   Code   RO         1411    .ARM.Collect$$libinit$$00000002  c_w.l(libinit2.o)
    0x0800028a   0x00000000   Code   RO         1414    .ARM.Collect$$libinit$$00000008  c_w.l(libinit2.o)
    0x0800028a   0x00000000   Code   RO         1416    .ARM.Collect$$libinit$$0000000A  c_w.l(libinit2.o)
    0x0800028a   0x00000000   Code   RO         1418    .ARM.Collect$$libinit$$0000000C  c_w.l(libinit2.o)
    0x0800028a   0x00000006   Code   RO         1419    .ARM.Collect$$libinit$$0000000D  c_w.l(libinit2.o)
    0x08000290   0x00000000   Code   RO         1421    .ARM.Collect$$libinit$$0000000F  c_w.l(libinit2.o)
    0x08000290   0x0000000c   Code   RO         1422    .ARM.Collect$$libinit$$00000010  c_w.l(libinit2.o)
    0x0800029c   0x00000000   Code   RO         1423    .ARM.Collect$$libinit$$00000011  c_w.l(libinit2.o)
    0x0800029c   0x00000000   Code   RO         1425    .ARM.Collect$$libinit$$00000013  c_w.l(libinit2.o)
    0x0800029c   0x0000000a   Code   RO         1426    .ARM.Collect$$libinit$$00000014  c_w.l(libinit2.o)
    0x080002a6   0x00000000   Code   RO         1427    .ARM.Collect$$libinit$$00000015  c_w.l(libinit2.o)
    0x080002a6   0x00000000   Code   RO         1429    .ARM.Collect$$libinit$$00000017  c_w.l(libinit2.o)
    0x080002a6   0x00000000   Code   RO         1431    .ARM.Collect$$libinit$$00000019  c_w.l(libinit2.o)
    0x080002a6   0x00000000   Code   RO         1433    .ARM.Collect$$libinit$$0000001B  c_w.l(libinit2.o)
    0x080002a6   0x00000000   Code   RO         1435    .ARM.Collect$$libinit$$0000001D  c_w.l(libinit2.o)
    0x080002a6   0x00000000   Code   RO         1437    .ARM.Collect$$libinit$$0000001F  c_w.l(libinit2.o)
    0x080002a6   0x00000000   Code   RO         1439    .ARM.Collect$$libinit$$00000021  c_w.l(libinit2.o)
    0x080002a6   0x00000000   Code   RO         1441    .ARM.Collect$$libinit$$00000023  c_w.l(libinit2.o)
    0x080002a6   0x00000000   Code   RO         1445    .ARM.Collect$$libinit$$0000002A  c_w.l(libinit2.o)
    0x080002a6   0x00000000   Code   RO         1447    .ARM.Collect$$libinit$$0000002C  c_w.l(libinit2.o)
    0x080002a6   0x00000000   Code   RO         1449    .ARM.Collect$$libinit$$0000002E  c_w.l(libinit2.o)
    0x080002a6   0x00000000   Code   RO         1451    .ARM.Collect$$libinit$$00000030  c_w.l(libinit2.o)
    0x080002a6   0x00000002   Code   RO         1452    .ARM.Collect$$libinit$$00000031  c_w.l(libinit2.o)
    0x080002a8   0x00000002   Code   RO         1472    .ARM.Collect$$libshutdown$$00000000  c_w.l(libshutdown.o)
    0x080002aa   0x00000000   Code   RO         1486    .ARM.Collect$$libshutdown$$00000003  c_w.l(libshutdown2.o)
    0x080002aa   0x00000000   Code   RO         1489    .ARM.Collect$$libshutdown$$00000006  c_w.l(libshutdown2.o)
    0x080002aa   0x00000000   Code   RO         1492    .ARM.Collect$$libshutdown$$00000009  c_w.l(libshutdown2.o)
    0x080002aa   0x00000000   Code   RO         1494    .ARM.Collect$$libshutdown$$0000000B  c_w.l(libshutdown2.o)
    0x080002aa   0x00000000   Code   RO         1497    .ARM.Collect$$libshutdown$$0000000E  c_w.l(libshutdown2.o)
    0x080002aa   0x00000002   Code   RO         1498    .ARM.Collect$$libshutdown$$0000000F  c_w.l(libshutdown2.o)
    0x080002ac   0x00000000   Code   RO         1222    .ARM.Collect$$rtentry$$00000000  c_w.l(rtentry.o)
    0x080002ac   0x00000000   Code   RO         1319    .ARM.Collect$$rtentry$$00000002  c_w.l(rtentry2.o)
    0x080002ac   0x00000006   Code   RO         1331    .ARM.Collect$$rtentry$$00000004  c_w.l(rtentry4.o)
    0x080002b2   0x00000000   Code   RO         1321    .ARM.Collect$$rtentry$$00000009  c_w.l(rtentry2.o)
    0x080002b2   0x00000004   Code   RO         1322    .ARM.Collect$$rtentry$$0000000A  c_w.l(rtentry2.o)
    0x080002b6   0x00000000   Code   RO         1324    .ARM.Collect$$rtentry$$0000000C  c_w.l(rtentry2.o)
    0x080002b6   0x00000008   Code   RO         1325    .ARM.Collect$$rtentry$$0000000D  c_w.l(rtentry2.o)
    0x080002be   0x00000002   Code   RO         1403    .ARM.Collect$$rtexit$$00000000  c_w.l(rtexit.o)
    0x080002c0   0x00000000   Code   RO         1454    .ARM.Collect$$rtexit$$00000002  c_w.l(rtexit2.o)
    0x080002c0   0x00000004   Code   RO         1455    .ARM.Collect$$rtexit$$00000003  c_w.l(rtexit2.o)
    0x080002c4   0x00000006   Code   RO         1456    .ARM.Collect$$rtexit$$00000004  c_w.l(rtexit2.o)
    0x080002ca   0x00000002   PAD
    0x080002cc   0x000001ec   Code   RO            2    .text               app.o
    0x080004b8   0x000007c0   Code   RO          213    .text               bsp.o
    0x08000c78   0x0000041c   Code   RO          236    .text               bsp_int.o
    0x08001094   0x000002f8   Code   RO          295    .text               bsp_ser.o
    0x0800138c   0x000000b8   Code   RO          324    .text               bsp_os.o
    0x08001444   0x00000034   Code   RO          345    .text               cstartup.o
    0x08001478   0x00000608   Code   RO          574    .text               stm32f2xx_fsmc.o
    0x08001a80   0x0000025c   Code   RO          590    .text               stm32f2xx_gpio.o
    0x08001cdc   0x00000588   Code   RO          702    .text               stm32f2xx_rcc.o
    0x08002264   0x0000041a   Code   RO          816    .text               stm32f2xx_usart.o
    0x0800267e   0x00000256   Code   RO          847    .text               lib_ascii.o
    0x080028d4   0x00000ec4   Code   RO          880    .text               lib_mem.o
    0x08003798   0x00000928   Code   RO          899    .text               lib_str.o
    0x080040c0   0x00000220   Code   RO          916    .text               lib_mem_a.o
    0x080042e0   0x000002ac   Code   RO          919    .text               cpu_core.o
    0x0800458c   0x00000034   Code   RO          945    .text               cpu_a.o
    0x080045c0   0x0000077c   Code   RO          948    .text               cpu_c.o
    0x08004d3c   0x0000026c   Code   RO          963    .text               os_cpu_c.o
    0x08004fa8   0x00000002   Code   RO          981    .text               os_cfg_app.o
    0x08004faa   0x00000002   PAD
    0x08004fac   0x00000d9c   Code   RO         1004    .text               os_core.o
    0x08005d48   0x000001ac   Code   RO         1016    .text               os_dbg.o
    0x08005ef4   0x00000738   Code   RO         1031    .text               os_flag.o
    0x0800662c   0x000001fc   Code   RO         1049    .text               os_mem.o
    0x08006828   0x00000228   Code   RO         1061    .text               os_msg.o
    0x08006a50   0x000004d8   Code   RO         1073    .text               os_mutex.o
    0x08006f28   0x0000007c   Code   RO         1097    .text               os_prio.o
    0x08006fa4   0x00000534   Code   RO         1116    .text               os_q.o
    0x080074d8   0x000005b4   Code   RO         1128    .text               os_sem.o
    0x08007a8c   0x000005a8   Code   RO         1140    .text               os_stat.o
    0x08008034   0x00001188   Code   RO         1152    .text               os_task.o
    0x080091bc   0x00000484   Code   RO         1164    .text               os_tick.o
    0x08009640   0x0000030c   Code   RO         1176    .text               os_time.o
    0x0800994c   0x00000740   Code   RO         1188    .text               os_tmr.o
    0x0800a08c   0x00000034   Code   RO         1216    .text               c_w.l(c89vsnprintf.o)
    0x0800a0c0   0x00000006   Code   RO         1218    .text               c_w.l(heapauxi.o)
    0x0800a0c6   0x0000004e   Code   RO         1225    .text               c_w.l(_printf_pad.o)
    0x0800a114   0x00000024   Code   RO         1227    .text               c_w.l(_printf_truncate.o)
    0x0800a138   0x00000052   Code   RO         1229    .text               c_w.l(_printf_str.o)
    0x0800a18a   0x00000002   PAD
    0x0800a18c   0x00000074   Code   RO         1231    .text               c_w.l(_printf_dec.o)
    0x0800a200   0x00000028   Code   RO         1233    .text               c_w.l(_printf_charcount.o)
    0x0800a228   0x00000030   Code   RO         1235    .text               c_w.l(_printf_char_common.o)
    0x0800a258   0x0000000a   Code   RO         1237    .text               c_w.l(_sputc.o)
    0x0800a262   0x00000010   Code   RO         1239    .text               c_w.l(_snputc.o)
    0x0800a272   0x00000002   PAD
    0x0800a274   0x000000bc   Code   RO         1241    .text               c_w.l(_printf_wctomb.o)
    0x0800a330   0x00000078   Code   RO         1244    .text               c_w.l(_printf_longlong_dec.o)
    0x0800a3a8   0x00000070   Code   RO         1250    .text               c_w.l(_printf_oct_int_ll.o)
    0x0800a418   0x00000094   Code   RO         1270    .text               c_w.l(_printf_hex_int_ll_ptr.o)
    0x0800a4ac   0x00000188   Code   RO         1290    .text               c_w.l(__printf_flags_ss_wp.o)
    0x0800a634   0x0000008a   Code   RO         1333    .text               c_w.l(lludiv10.o)
    0x0800a6be   0x000000b2   Code   RO         1335    .text               c_w.l(_printf_intcommon.o)
    0x0800a770   0x00000416   Code   RO         1337    .text               c_w.l(_printf_fp_dec.o)
    0x0800ab86   0x0000002c   Code   RO         1341    .text               c_w.l(_printf_char.o)
    0x0800abb2   0x0000002c   Code   RO         1343    .text               c_w.l(_printf_wchar.o)
    0x0800abde   0x00000040   Code   RO         1346    .text               c_w.l(_wcrtomb.o)
    0x0800ac1e   0x0000004a   Code   RO         1348    .text               c_w.l(sys_stackheap_outer.o)
    0x0800ac68   0x00000010   Code   RO         1350    .text               c_w.l(rt_ctype_table.o)
    0x0800ac78   0x00000008   Code   RO         1355    .text               c_w.l(rt_locale_intlibspace.o)
    0x0800ac80   0x00000080   Code   RO         1357    .text               c_w.l(_printf_fp_infnan.o)
    0x0800ad00   0x000000d8   Code   RO         1359    .text               c_w.l(bigflt0.o)
    0x0800add8   0x0000000c   Code   RO         1387    .text               c_w.l(exit.o)
    0x0800ade4   0x00000008   Code   RO         1400    .text               c_w.l(libspace.o)
    0x0800adec   0x00000080   Code   RO         1408    .text               c_w.l(strcmpv7m.o)
    0x0800ae6c   0x0000000c   Code   RO         1464    .text               c_w.l(sys_exit.o)
    0x0800ae78   0x00000002   Code   RO         1475    .text               c_w.l(use_no_semi.o)
    0x0800ae7a   0x00000000   Code   RO         1477    .text               c_w.l(indicate_semi.o)
    0x0800ae7a   0x0000003e   Code   RO         1362    CL$$btod_d2e        c_w.l(btod.o)
    0x0800aeb8   0x00000046   Code   RO         1364    CL$$btod_d2e_denorm_low  c_w.l(btod.o)
    0x0800aefe   0x00000060   Code   RO         1363    CL$$btod_d2e_norm_op1  c_w.l(btod.o)
    0x0800af5e   0x00000338   Code   RO         1372    CL$$btod_div_common  c_w.l(btod.o)
    0x0800b296   0x000000c6   Code   RO         1369    CL$$btod_e2e        c_w.l(btod.o)
    0x0800b35c   0x00000028   Code   RO         1366    CL$$btod_ediv       c_w.l(btod.o)
    0x0800b384   0x00000028   Code   RO         1365    CL$$btod_emul       c_w.l(btod.o)
    0x0800b3ac   0x00000244   Code   RO         1371    CL$$btod_mult_common  c_w.l(btod.o)
    0x0800b5f0   0x00000084   Code   RO          960    CODE                os_cpu_a.o
    0x0800b674   0x00000028   Code   RO         1398    i.__ARM_fpclassify  m_ws.l(fpclassify.o)
    0x0800b69c   0x0000000e   Code   RO         1283    i._is_digit         c_w.l(__printf_wp.o)
    0x0800b6aa   0x00000002   PAD
    0x0800b6ac   0x0000002c   Code   RO         1385    locale$$code        c_w.l(lc_numeric_c.o)
    0x0800b6d8   0x0000002c   Code   RO         1406    locale$$code        c_w.l(lc_ctype_c.o)
    0x0800b704   0x00000004   Code   RO         1316    x$fpl$printf1       fz_ws.l(printf1.o)
    0x0800b708   0x00000000   Code   RO         1397    x$fpl$usenofp       fz_ws.l(usenofp.o)
    0x0800b708   0x00000018   Data   RO          214    .constdata          bsp.o
    0x0800b720   0x00000094   Data   RO          900    .constdata          lib_str.o
    0x0800b7b4   0x00000100   Data   RO          921    .constdata          cpu_core.o
    0x0800b8b4   0x000000a4   Data   RO          983    .constdata          os_cfg_app.o
    0x0800b958   0x0000016c   Data   RO         1017    .constdata          os_dbg.o
    0x0800bac4   0x00000008   Data   RO         1242    .constdata          c_w.l(_printf_wctomb.o)
    0x0800bacc   0x00000028   Data   RO         1271    .constdata          c_w.l(_printf_hex_int_ll_ptr.o)
    0x0800baf4   0x00000011   Data   RO         1291    .constdata          c_w.l(__printf_flags_ss_wp.o)
    0x0800bb05   0x00000003   PAD
    0x0800bb08   0x00000094   Data   RO         1360    .constdata          c_w.l(bigflt0.o)
    0x0800bb9c   0x00000020   Data   RO         1529    Region$$Table       anon$$obj.o
    0x0800bbbc   0x0000001c   Data   RO         1384    locale$$data        c_w.l(lc_numeric_c.o)
    0x0800bbd8   0x00000110   Data   RO         1405    locale$$data        c_w.l(lc_ctype_c.o)


    Execution Region RW_IRAM1 (Base: 0x20000000, Size: 0x00004978, Max: 0x00020000, ABSOLUTE)

    Base Addr    Size         Type   Attr      Idx    E Section Name        Object

    0x20000000   0x00000010   Data   RW          215    .data               bsp.o
    0x20000010   0x00000001   Data   RW          297    .data               bsp_ser.o
    0x20000011   0x00000010   Data   RW          703    .data               stm32f2xx_rcc.o
    0x20000021   0x00000003   PAD
    0x20000024   0x00000004   Data   RW          882    .data               lib_mem.o
    0x20000028   0x00000004   Data   RW          922    .data               cpu_core.o
    0x2000002c   0x00000004   Data   RW          964    .data               os_cpu_c.o
    0x20000030   0x00000004   Data   RW         1098    .data               os_prio.o
    0x20000034   0x000000b4   Data   RW         1201    .data               os_var.o
    0x200000e8   0x0000084c   Zero   RW            3    .bss                app.o
    0x20000934   0x00000144   Zero   RW          237    .bss                bsp_int.o
    0x20000a78   0x00000078   Zero   RW          296    .bss                bsp_ser.o
    0x20000af0   0x00002448   Zero   RW          881    .bss                lib_mem.o
    0x20002f38   0x00000010   Zero   RW          920    .bss                cpu_core.o
    0x20002f48   0x00001020   Zero   RW          982    .bss                os_cfg_app.o
    0x20003f68   0x000003ac   Zero   RW         1200    .bss                os_var.o
    0x20004314   0x00000060   Zero   RW         1401    .bss                c_w.l(libspace.o)
    0x20004374   0x00000004   PAD
    0x20004378   0x00000200   Zero   RW          343    HEAP                cstartup.o
    0x20004578   0x00000400   Zero   RW          342    STACK               cstartup.o


==============================================================================

Image component sizes


      Code (inc. data)   RO Data    RW Data    ZI Data      Debug   Object Name

       492         98          0          0       2124     282483   app.o
      1984         70         24         16          0       4050   bsp.o
      1052          8          0          0        324      13594   bsp_int.o
       184          4          0          0          0       2322   bsp_os.o
       760         72          0          1        120       3772   bsp_ser.o
        52          0          0          0          0        388   cpu_a.o
      1916        102          0          0          0       3501   cpu_c.o
       684         14        256          4         16      14436   cpu_core.o
        52         24        388          0       1536        712   cstartup.o
       598          0          0          0          0       3740   lib_ascii.o
      3780         62          0          4       9288      24660   lib_mem.o
       544          0          0          0          0        536   lib_mem_a.o
      2344          4        148          0          0      13214   lib_str.o
         2          0        164          0       4128      19794   os_cfg_app.o
      3484        272          0          0          0      11935   os_core.o
       132         32          0          0          0        432   os_cpu_a.o
       620         66          0          4          0       3941   os_cpu_c.o
       428        280        364          0          0       4917   os_dbg.o
      1848         68          0          0          0       5709   os_flag.o
       508         16          0          0          0       2748   os_mem.o
       552         14          0          0          0       2710   os_msg.o
      1240         62          0          0          0       3526   os_mutex.o
       124          4          0          4          0       1888   os_prio.o
      1332         48          0          0          0       4808   os_q.o
      1460         56          0          0          0       5231   os_sem.o
      1448        150          0          0          0       2829   os_stat.o
      4488        156          0          0          0      11799   os_task.o
      1156         74          0          0          0       3277   os_tick.o
       780         44          0          0          0       2681   os_time.o
      1856        132          0          0          0       6105   os_tmr.o
         0          0          0        180        940      18221   os_var.o
      1544         14          0          0          0       5419   stm32f2xx_fsmc.o
       604         36          0          0          0       3973   stm32f2xx_gpio.o
      1416         48          0         16          0      10975   stm32f2xx_rcc.o
      1050         26          0          0          0       7688   stm32f2xx_usart.o

    ----------------------------------------------------------------------
     40516       2056       1376        232      18476     508014   Object Totals
         0          0         32          0          0          0   (incl. Generated)
         2          0          0          3          0          0   (incl. Padding)

    ----------------------------------------------------------------------

      Code (inc. data)   RO Data    RW Data    ZI Data      Debug   Library Member Name

         8          0          0          0          0         68   __main.o
       392          4         17          0          0         92   __printf_flags_ss_wp.o
        14          0          0          0          0         68   __printf_wp.o
        52          8          0          0          0          0   __scatter.o
        26          0          0          0          0          0   __scatter_copy.o
        28          0          0          0          0          0   __scatter_zi.o
         6          0          0          0          0          0   _printf_a.o
         6          0          0          0          0          0   _printf_c.o
        44          0          0          0          0        108   _printf_char.o
        48          6          0          0          0         96   _printf_char_common.o
        40          0          0          0          0         68   _printf_charcount.o
         6          0          0          0          0          0   _printf_d.o
       116         16          0          0          0         92   _printf_dec.o
         6          0          0          0          0          0   _printf_e.o
         6          0          0          0          0          0   _printf_f.o
      1046          0          0          0          0        216   _printf_fp_dec.o
       128         16          0          0          0         84   _printf_fp_infnan.o
         6          0          0          0          0          0   _printf_g.o
       148          4         40          0          0        160   _printf_hex_int_ll_ptr.o
         6          0          0          0          0          0   _printf_i.o
       178          0          0          0          0         88   _printf_intcommon.o
        10          0          0          0          0          0   _printf_l.o
         6          0          0          0          0          0   _printf_lc.o
        10          0          0          0          0          0   _printf_ll.o
         6          0          0          0          0          0   _printf_lld.o
         6          0          0          0          0          0   _printf_lli.o
         6          0          0          0          0          0   _printf_llo.o
         6          0          0          0          0          0   _printf_llu.o
         6          0          0          0          0          0   _printf_llx.o
       120         16          0          0          0         92   _printf_longlong_dec.o
         6          0          0          0          0          0   _printf_ls.o
         6          0          0          0          0          0   _printf_n.o
         6          0          0          0          0          0   _printf_o.o
       112          8          0          0          0        124   _printf_oct_int_ll.o
         6          0          0          0          0          0   _printf_p.o
        78          0          0          0          0        108   _printf_pad.o
         0          0          0          0          0          0   _printf_percent.o
         4          0          0          0          0          0   _printf_percent_end.o
         6          0          0          0          0          0   _printf_s.o
        82          0          0          0          0         80   _printf_str.o
        36          0          0          0          0         84   _printf_truncate.o
         6          0          0          0          0          0   _printf_u.o
        44          0          0          0          0        108   _printf_wchar.o
       188          6          8          0          0         92   _printf_wctomb.o
         6          0          0          0          0          0   _printf_x.o
        16          0          0          0          0         68   _snputc.o
        10          0          0          0          0         68   _sputc.o
        64          0          0          0          0         92   _wcrtomb.o
       216          4        148          0          0         96   bigflt0.o
      1910        128          0          0          0        672   btod.o
        52          4          0          0          0         80   c89vsnprintf.o
        12          0          0          0          0         72   exit.o
         6          0          0          0          0        152   heapauxi.o
         0          0          0          0          0          0   indicate_semi.o
        44         10        272          0          0         76   lc_ctype_c.o
        44         10         28          0          0         76   lc_numeric_c.o
         2          0          0          0          0          0   libinit.o
        30          0          0          0          0          0   libinit2.o
         2          0          0          0          0          0   libshutdown.o
         2          0          0          0          0          0   libshutdown2.o
         8          4          0          0         96         68   libspace.o
       138          0          0          0          0         80   lludiv10.o
        16          4          0          0          0         76   rt_ctype_table.o
         8          4          0          0          0         68   rt_locale_intlibspace.o
         0          0          0          0          0          0   rtentry.o
        12          0          0          0          0          0   rtentry2.o
         6          0          0          0          0          0   rtentry4.o
         2          0          0          0          0          0   rtexit.o
        10          0          0          0          0          0   rtexit2.o
       128          0          0          0          0         68   strcmpv7m.o
        12          4          0          0          0         68   sys_exit.o
        74          0          0          0          0         80   sys_stackheap_outer.o
         2          0          0          0          0         68   use_no_semi.o
         4          0          0          0          0         68   printf1.o
         0          0          0          0          0          0   usenofp.o
        40          0          0          0          0         68   fpclassify.o

    ----------------------------------------------------------------------
      5952        256        516          0        100       3992   Library Totals
        10          0          3          0          4          0   (incl. Padding)

    ----------------------------------------------------------------------

      Code (inc. data)   RO Data    RW Data    ZI Data      Debug   Library Name

      5898        256        513          0         96       3856   c_w.l
         4          0          0          0          0         68   fz_ws.l
        40          0          0          0          0         68   m_ws.l

    ----------------------------------------------------------------------
      5952        256        516          0        100       3992   Library Totals

    ----------------------------------------------------------------------

==============================================================================


      Code (inc. data)   RO Data    RW Data    ZI Data      Debug   

     46468       2312       1892        232      18576     506750   Grand Totals
     46468       2312       1892        232      18576     506750   ELF Image Totals
     46468       2312       1892        232          0          0   ROM Totals

==============================================================================

    Total RO  Size (Code + RO Data)                48360 (  47.23kB)
    Total RW  Size (RW Data + ZI Data)             18808 (  18.37kB)
    Total ROM Size (Code + RO Data + RW Data)      48592 (  47.45kB)

==============================================================================

