<html>
<body>
<pre>
<h1>µVision Build Log</h1>
<h2>Project:</h2>
C:\Users\Jeehong\projects\Micrium_STM32F20X\Software\EvalBoards\ST\STM3220G-EVAL\uCOS-III\KeilMDK\uCOS-III.uvproj
Project File Date:  12/23/2015

<h2>Output:</h2>
Build target 'uCOS-III'
linking...
Program Size: Code=46468 RO-data=1892 RW-data=232 ZI-data=18576  
".\Obj\uCOS-III.axf" - 0 Error(s), 0 Warning(s).
Load "C:\\Users\\Jeehong\\projects\\Micrium_STM32F20X\\Software\\EvalBoards\\ST\\STM3220G-EVAL\\uCOS-III\\KeilMDK\\Obj\\uCOS-III.axf" 
Set JLink Project File to "C:\Users\Jeehong\projects\Micrium_STM32F20X\Software\EvalBoards\ST\STM3220G-EVAL\uCOS-III\KeilMDK\JLinkSettings.ini"
* JLink Info: Device "STM32F205RG" selected (1024 KB flash, 128 KB RAM).
 
JLink info:
------------
DLL: V4.80g, compiled Feb 13 2014 20:50:02
Firmware: J-Link ARM V8 compiled Jan 31 2018 18:34:52
Hardware: V8.00
S/N : 20080643 
Feature(s) : RDI,FlashDL,FlashBP,JFlash,GDBFull 
 
* JLink Info: TotalIRLen = 9, IRPrint = 0x0011
* JLink Info: TotalIRLen = 9, IRPrint = 0x0011
* JLink Info: Found Cortex-M3 r2p0, Little endian.
* JLink Info: FPUnit: 6 code (BP) slots and 2 literal slots
* JLink Info: TPIU fitted.
* JLink Info: ETM fitted.
ROMTableAddr = 0xE00FF003
 
Target info:
------------
Device: STM32F205RG
VTarget = 3.345V
State of Pins: 
TCK: 1, TDI: 0, TDO: 1, TMS: 0, TRES: 1, TRST: 1
Hardware-Breakpoints: 6
Software-Breakpoints: 8192
Watchpoints:          4
JTAG speed: 9600 kHz
 
Erase Done.
Programming Done.
Verify OK.
Application running ...
</pre>
</body>
</html>

Target info:
------------
Device: STM32F205RG
VTarget = 3.332V
State of Pins: 
TCK: 1, TDI: 0, TDO: 1, TMS: 0, TRES: 1, TRST: 1
Hardware-Breakpoints: 6
Software-Breakpoints: 8192
Watchpoints:          4
JTAG speed: 9600 kHz
 
Erase Done.
Programming Done.
Verify OK.
Application running ...
compiling app.c...
..\app.c(267): warning:  #177-D: function "AppObjCreate" was declared but never referenced
  static  void  AppObjCreate (void)
..\app.c: 1 warning, 0 errors
"..\app.c" - 0 Error(s), 1 Warning(s).
Link Info: Found Cortex-M3 r2p0, Little endian.
* JLink Info: FPUnit: 6 code (BP) slots and 2 literal slots
* JLink Info: TPIU fitted.
* JLink Info: ETM fitted.
ROMTableAddr = 0xE00FF003
 
Target info:
------------
Device: STM32F205RG
VTarget = 3.325V
State of Pins: 
TCK: 1, TDI: 0, TDO: 1, TMS: 0, TRES: 1, TRST: 1
Hardware-Breakpoints: 6
Software-Breakpoints: 8192
Watchpoints:          4
JTAG speed: 9600 kHz
 
Full Chip Erase Done.
Load "C:\\Users\\Jeehong\\projects\\Micrium_STM32F20X\\Software\\EvalBoards\\ST\\STM3220G-EVAL\\uCOS-III\\KeilMDK\\Obj\\uCOS-III.axf" 
Set JLink Project File to "C:\Users\Jeehong\projects\Micrium_STM32F20X\Software\EvalBoards\ST\STM3220G-EVAL\uCOS-III\KeilMDK\JLinkSettings.ini"
* JLink Info: Device "STM32F205RG" selected (1024 KB flash, 128 KB RAM).
 
JLink info:
------------
DLL: V4.80g, compiled Feb 13 2014 20:50:02
Firmware: J-Link ARM V8 compiled Jan 31 2018 18:34:52
Hardware: V8.00
S/N : 20080643 
Feature(s) : RDI,FlashDL,FlashBP,JFlash,GDBFull 
 
* JLink Info: TotalIRLen = 9, IRPrint = 0x0011
* JLink Info: TotalIRLen = 9, IRPrint = 0x0011
* JLink Info: Found Cortex-M3 r2p0, Little endian.
* JLink Info: FPUnit: 6 code (BP) slots and 2 literal slots
* JLink Info: TPIU fitted.
* JLink Info: ETM fitted.
ROMTableAddr = 0xE00FF003
 
Target info:
------------
Device: STM32F205RG
VTarget = 3.332V
State of Pins: 
TCK: 1, TDI: 0, TDO: 1, TMS: 0, TRES: 1, TRST: 1
Hardware-Breakpoints: 6
Software-Breakpoints: 8192
Watchpoints:          4
JTAG speed: 9600 kHz
 
Erase Done.
Programming Done.
Verify OK.
Application running ...
