<html>
<body>
<pre>
<h1>µVision Build Log</h1>
<h2>Project:</h2>
C:\Users\Jeehong\projects\uCOS-III\Software\EvalBoards\ST\STM3220G-EVAL\uCOS-III\KeilMDK\uCOS-III.uvproj
Project File Date:  01/14/2016

<h2>Output:</h2>
Build target 'uCOS-III'
compiling app.c...
..\app.c(292): warning:  #177-D: function "AppObjCreate" was declared but never referenced
  static  void  AppObjCreate (void)
..\app.c: 1 warning, 0 errors
linking...
Program Size: Code=46976 RO-data=1892 RW-data=232 ZI-data=20696  
".\Obj\uCOS-III.axf" - 0 Error(s), 1 Warning(s).
Load "C:\\Users\\Jeehong\\projects\\uCOS-III\\Software\\EvalBoards\\ST\\STM3220G-EVAL\\uCOS-III\\KeilMDK\\Obj\\uCOS-III.axf" 
Set JLink Project File to "C:\Users\Jeehong\projects\uCOS-III\Software\EvalBoards\ST\STM3220G-EVAL\uCOS-III\KeilMDK\JLinkSettings.ini"
* JLink Info: Device "STM32F205RG" selected (1024 KB flash, 128 KB RAM).
 
JLink info:
------------
DLL: V4.80g, compiled Feb 13 2014 20:50:02
Firmware: J-Link ARM V8 compiled Jan 31 2018 18:34:52
Hardware: V8.00
S/N : 20080643 
Feature(s) : RDI,FlashDL,FlashBP,JFlash,GDBFull 
 
* JLink Info: Found SWD-DP with ID 0x2BA01477
* JLink Info: Found SWD-DP with ID 0x2BA01477
* JLink Info: Found Cortex-M3 r2p0, Little endian.
* JLink Info: FPUnit: 6 code (BP) slots and 2 literal slots
* JLink Info: TPIU fitted.
* JLink Info: ETM fitted.
ROMTableAddr = 0xE00FF003
 
Target info:
------------
Device: STM32F205RG
VTarget = 3.345V
State of Pins: 
TCK: 0, TDI: 1, TDO: 1, TMS: 0, TRES: 1, TRST: 1
Hardware-Breakpoints: 6
Software-Breakpoints: 8192
Watchpoints:          4
JTAG speed: 2000 kHz
 
Erase Done.
Programming Done.
Verify OK.
Application running ...
</pre>
</body>
</html>

mpiling os_cfg_app.c...
compiling os_core.c...
compiling os_dbg.c...
compiling os_flag.c...
compiling os_int.c...
compiling os_mem.c...
compiling os_msg.c...
compiling os_mutex.c...
compiling os_pend_multi.c...
compiling os_prio.c...
compiling os_q.c...
compiling os_sem.c...
compiling os_stat.c...
compiling os_task.c...
compiling os_tick.c...
compiling os_time.c...
compiling os_tmr.c...
compiling os_var.c...
linking...
Program Size: Code=47108 RO-data=1892 RW-data=232 ZI-data=20696  
".\Obj\uCOS-III.axf" - 0 Error(s), 1 Warning(s).
Load "C:\\Users\\Jeehong\\projects\\uCOS-III\\Software\\EvalBoards\\ST\\STM3220G-EVAL\\uCOS-III\\KeilMDK\\Obj\\uCOS-III.axf" 
Set JLink Project File to "C:\Users\Jeehong\projects\uCOS-III\Software\EvalBoards\ST\STM3220G-EVAL\uCOS-III\KeilMDK\JLinkSettings.ini"
* JLink Info: Device "STM32F205RG" selected (1024 KB flash, 128 KB RAM).
 
JLink info:
------------
DLL: V4.80g, compiled Feb 13 2014 20:50:02
Firmware: J-Link ARM V8 compiled Jan 31 2018 18:34:52
Hardware: V8.00
S/N : 20080643 
Feature(s) : RDI,FlashDL,FlashBP,JFlash,GDBFull 
 
* JLink Info: TotalIRLen = 9, IRPrint = 0x0011
* JLink Info: TotalIRLen = 9, IRPrint = 0x0011
* JLink Info: Found Cortex-M3 r2p0, Little endian.
* JLink Info: FPUnit: 6 code (BP) slots and 2 literal slots
* JLink Info: TPIU fitted.
* JLink Info: ETM fitted.
ROMTableAddr = 0xE00FF003
 
Target info:
------------
Device: STM32F205RG
VTarget = 3.345V
State of Pins: 
TCK: 1, TDI: 0, TDO: 1, TMS: 0, TRES: 1, TRST: 1
Hardware-Breakpoints: 6
Software-Breakpoints: 8192
Watchpoints:          4
JTAG speed: 2000 kHz
 
No Algorithm found for: 08000000H - 0800C04FH
Erase skipped!
Error: Flash Download failed  -  "Cortex-M3"
Load "C:\\Users\\Jeehong\\projects\\uCOS-III\\Software\\EvalBoards\\ST\\STM3220G-EVAL\\uCOS-III\\KeilMDK\\Obj\\uCOS-III.axf" 
Set JLink Project File to "C:\Users\Jeehong\projects\uCOS-III\Software\EvalBoards\ST\STM3220G-EVAL\uCOS-III\KeilMDK\JLinkSettings.ini"
* JLink Info: Device "STM32F205RG" selected (1024 KB flash, 128 KB RAM).
 
JLink info:
------------
DLL: V4.80g, compiled Feb 13 2014 20:50:02
Firmware: J-Link ARM V8 compiled Jan 31 2018 18:34:52
Hardware: V8.00
S/N : 20080643 
Feature(s) : RDI,FlashDL,FlashBP,JFlash,GDBFull 
 
* JLink Info: TotalIRLen = 9, IRPrint = 0x0011
* JLink Info: TotalIRLen = 9, IRPrint = 0x0011
* JLink Info: Found Cortex-M3 r2p0, Little endian.
* JLink Info: FPUnit: 6 code (BP) slots and 2 literal slots
* JLink Info: TPIU fitted.
* JLink Info: ETM fitted.
ROMTableAddr = 0xE00FF003
 
Target info:
------------
Device: STM32F205RG
VTarget = 3.338V
State of Pins: 
TCK: 1, TDI: 0, TDO: 1, TMS: 0, TRES: 1, TRST: 1
Hardware-Breakpoints: 6
Software-Breakpoints: 8192
Watchpoints:          4
JTAG speed: 2000 kHz
 
No Algorithm found for: 08000000H - 0800C04FH
Erase skipped!
Error: Flash Download failed  -  "Cortex-M3"
Load "C:\\Users\\Jeehong\\projects\\uCOS-III\\Software\\EvalBoards\\ST\\STM3220G-EVAL\\uCOS-III\\KeilMDK\\Obj\\uCOS-III.axf" 
Set JLink Project File to "C:\Users\Jeehong\projects\uCOS-III\Software\EvalBoards\ST\STM3220G-EVAL\uCOS-III\KeilMDK\JLinkSettings.ini"
* JLink Info: Device "STM32F205RG" selected (1024 KB flash, 128 KB RAM).
 
JLink info:
------------
DLL: V4.80g, compiled Feb 13 2014 20:50:02
Firmware: J-Link ARM V8 compiled Jan 31 2018 18:34:52
Hardware: V8.00
S/N : 20080643 
Feature(s) : RDI,FlashDL,FlashBP,JFlash,GDBFull 
 
* JLink Info: TotalIRLen = 9, IRPrint = 0x0011
* JLink Info: TotalIRLen = 9, IRPrint = 0x0011
* JLink Info: Found Cortex-M3 r2p0, Little endian.
* JLink Info: FPUnit: 6 code (BP) slots and 2 literal slots
* JLink Info: TPIU fitted.
* JLink Info: ETM fitted.
ROMTableAddr = 0xE00FF003
 
Target info:
------------
Device: STM32F205RG
VTarget = 3.345V
State of Pins: 
TCK: 1, TDI: 0, TDO: 1, TMS: 0, TRES: 1, TRST: 1
Hardware-Breakpoints: 6
Software-Breakpoints: 8192
Watchpoints:          4
JTAG speed: 2000 kHz
 
No Algorithm found for: 08000000H - 0800C04FH
Erase skipped!
Error: Flash Download failed  -  "Cortex-M3"
